Starting org.bukkit.craftbukkit.Main
[21:13:23 INFO]: [bootstrap] Running Java 21 (OpenJDK 64-Bit Server VM 21.0.12.1+12-LTS; Amazon.com Inc. Corretto-21.0.12.12.1) on Linux 6.18.44 (amd64)
[21:13:23 INFO]: [bootstrap] Loading Paper 1.21.11-132-ver/1.21.11@c5eb079 (2026-05-11T11:43:09Z) for Minecraft 1.21.11
[21:13:23 INFO]: [PluginInitializerManager] Initializing plugins...
[21:13:23 INFO]: [PluginInitializerManager] Initialized 2 plugins
[21:13:23 INFO]: [PluginInitializerManager] Bukkit plugins (2):
 - CodeEngine (0.1.0), CodeEngineVerification (0.1.0)
[21:13:27 INFO]: Environment: Environment[sessionHost=https://sessionserver.mojang.com, servicesHost=https://api.minecraftservices.com, profilesHost=https://api.mojang.com, name=PROD]
[21:13:27 INFO]: Found new data pack file/bukkit, loading it automatically
[21:13:27 INFO]: Found new data pack paper, loading it automatically
[21:13:27 ERROR]: Failed to request yggdrasil public key
com.mojang.authlib.exceptions.MinecraftClientException: Failed to read from https://api.minecraftservices.com/publickeys due to api.minecraftservices.com
	at com.mojang.authlib.minecraft.client.MinecraftClient.readInputStream(MinecraftClient.java:111) ~[authlib-7.0.61.jar:?]
	at com.mojang.authlib.minecraft.client.MinecraftClient.get(MinecraftClient.java:56) ~[authlib-7.0.61.jar:?]
	at com.mojang.authlib.yggdrasil.YggdrasilServicesKeyInfo.fetch(YggdrasilServicesKeyInfo.java:114) ~[authlib-7.0.61.jar:?]
	at com.mojang.authlib.yggdrasil.YggdrasilServicesKeyInfo$1.run(YggdrasilServicesKeyInfo.java:89) ~[authlib-7.0.61.jar:?]
	at java.base/java.util.concurrent.Executors$RunnableAdapter.call(Executors.java:572) ~[?:?]
	at java.base/java.util.concurrent.FutureTask.run(FutureTask.java:317) ~[?:?]
	at java.base/java.util.concurrent.ScheduledThreadPoolExecutor$ScheduledFutureTask.run(ScheduledThreadPoolExecutor.java:304) ~[?:?]
	at java.base/java.util.concurrent.ThreadPoolExecutor.runWorker(ThreadPoolExecutor.java:1144) ~[?:?]
	at java.base/java.util.concurrent.ThreadPoolExecutor$Worker.run(ThreadPoolExecutor.java:642) ~[?:?]
	at java.base/java.lang.Thread.run(Thread.java:1583) ~[?:?]
Caused by: java.net.UnknownHostException: api.minecraftservices.com
	at java.base/sun.nio.ch.NioSocketImpl.connect(NioSocketImpl.java:567) ~[?:?]
	at java.base/java.net.SocksSocketImpl.connect(SocksSocketImpl.java:327) ~[?:?]
	at java.base/java.net.Socket.connect(Socket.java:751) ~[?:?]
	at java.base/sun.security.ssl.SSLSocketImpl.connect(SSLSocketImpl.java:304) ~[?:?]
	at java.base/sun.net.NetworkClient.doConnect(NetworkClient.java:178) ~[?:?]
	at java.base/sun.net.www.http.HttpClient.openServer(HttpClient.java:539) ~[?:?]
	at java.base/sun.net.www.http.HttpClient.openServer(HttpClient.java:644) ~[?:?]
	at java.base/sun.net.www.protocol.https.HttpsClient.<init>(HttpsClient.java:265) ~[?:?]
	at java.base/sun.net.www.protocol.https.HttpsClient.New(HttpsClient.java:378) ~[?:?]
	at java.base/sun.net.www.protocol.https.AbstractDelegateHttpsURLConnection.getNewHttpClient(AbstractDelegateHttpsURLConnection.java:196) ~[?:?]
	at java.base/sun.net.www.protocol.http.HttpURLConnection.plainConnect0(HttpURLConnection.java:1305) ~[?:?]
	at java.base/sun.net.www.protocol.http.HttpURLConnection.plainConnect(HttpURLConnection.java:1146) ~[?:?]
	at java.base/sun.net.www.protocol.http.HttpURLConnection.connect(HttpURLConnection.java:1075) ~[?:?]
	at java.base/sun.net.www.protocol.https.AbstractDelegateHttpsURLConnection.connect(AbstractDelegateHttpsURLConnection.java:181) ~[?:?]
	at java.base/sun.net.www.protocol.http.HttpURLConnection.getInputStream0(HttpURLConnection.java:1707) ~[?:?]
	at java.base/sun.net.www.protocol.http.HttpURLConnection.getInputStream(HttpURLConnection.java:1632) ~[?:?]
	at java.base/java.net.HttpURLConnection.getResponseCode(HttpURLConnection.java:531) ~[?:?]
	at java.base/sun.net.www.protocol.https.HttpsURLConnectionImpl.getResponseCode(HttpsURLConnectionImpl.java:307) ~[?:?]
	at com.mojang.authlib.minecraft.client.MinecraftClient.readInputStream(MinecraftClient.java:82) ~[authlib-7.0.61.jar:?]
	... 9 more
[21:13:28 INFO]: No existing world data, creating new world
[21:13:29 INFO]: Loaded 1470 recipes
[21:13:29 INFO]: Loaded 1584 advancements
[21:13:29 INFO]: [ca.spottedleaf.dataconverter.minecraft.datatypes.MCTypeRegistry] Initialising converters for DataConverter...
[21:13:29 INFO]: [ca.spottedleaf.dataconverter.minecraft.datatypes.MCTypeRegistry] Finished initialising converters for DataConverter in 324.3ms
[21:13:29 INFO]: Starting minecraft server version 1.21.11
[21:13:29 WARN]: ****************************
[21:13:29 WARN]: YOU ARE RUNNING THIS SERVER AS AN ADMINISTRATIVE OR ROOT USER. THIS IS NOT ADVISED.
[21:13:29 WARN]: YOU ARE OPENING YOURSELF UP TO POTENTIAL RISKS WHEN DOING THIS.
[21:13:29 WARN]: FOR MORE INFORMATION, SEE https://madelinemiller.dev/blog/root-minecraft-server/
[21:13:29 WARN]: ****************************
[21:13:29 INFO]: Loading properties
[21:13:29 INFO]: This server is running Paper version 1.21.11-132-ver/1.21.11@c5eb079 (2026-05-11T11:43:09Z) (Implementing API version 1.21.11-R0.1-SNAPSHOT)
[21:13:29 INFO]: [spark] This server bundles the spark profiler. For more information please visit https://docs.papermc.io/paper/profiling
[21:13:29 INFO]: Server Ping Player Sample Count: 12
[21:13:29 INFO]: Using 4 threads for Netty based IO
[21:13:30 WARN]: [Configurations] The global config file didn't have a version set, assuming latest
[21:13:30 INFO]: [MoonriseCommon] Paper is using 2 worker threads, 1 I/O threads
[21:13:30 INFO]: Default game type: SURVIVAL
[21:13:30 INFO]: Generating keypair
[21:13:30 INFO]: Starting Minecraft server on 127.0.0.1:25586
[21:13:30 INFO]: Paper: Using libdeflate (Linux x86_64) compression from Velocity.
[21:13:30 INFO]: Paper: Using OpenSSL 3.x.x (Linux x86_64) cipher from Velocity.
[21:13:30 WARN]: [io.netty.util.internal.MacAddressUtil] Failed to find a usable hardware address from the network interfaces; using random bytes: 32:df:74:6e:df:a3:5b:39
[21:13:30 INFO]: [CodeEngine] Loading server plugin CodeEngine v0.1.0
[21:13:30 INFO]: [CodeEngineVerification] Loading server plugin CodeEngineVerification v0.1.0
[21:13:30 WARN]: **** SERVER IS RUNNING IN OFFLINE/INSECURE MODE!
[21:13:30 WARN]: The server will make no attempt to authenticate usernames. Beware.
[21:13:30 WARN]: While this makes the game possible to play without internet access, it also opens up the ability for hackers to connect with any username they choose.
[21:13:30 WARN]: To change this, set "online-mode" to "true" in the server.properties file.
[21:13:30 INFO]: Preparing level "world"
[21:13:30 INFO]: [ca.spottedleaf.moonrise.common.util.MoonriseConstants] NUMA enable flag is not set; however there is NUMA interaction support for this OS.
[21:13:30 INFO]: [ca.spottedleaf.moonrise.common.util.MoonriseConstants] Detected 1 NUMA nodes.
[21:13:30 INFO]: Selecting spawn point for world 'minecraft:overworld'...
[21:13:31 INFO]: Selecting spawn point for world 'minecraft:the_nether'...
[21:13:31 INFO]: Selecting spawn point for world 'minecraft:the_end'...
[21:13:32 INFO]: Loading 0 persistent chunks for world 'minecraft:overworld'...
[21:13:32 INFO]: Preparing spawn area: 100%
[21:13:32 INFO]: Prepared spawn area in 1350 ms
[21:13:32 INFO]: Loading 0 persistent chunks for world 'minecraft:the_nether'...
[21:13:32 INFO]: Preparing spawn area: 100%
[21:13:32 INFO]: Prepared spawn area in 1022 ms
[21:13:32 INFO]: Loading 0 persistent chunks for world 'minecraft:the_end'...
[21:13:32 INFO]: Preparing spawn area: 100%
[21:13:32 INFO]: Prepared spawn area in 369 ms
[21:13:32 INFO]: Done preparing level "world" (1.562s)
[21:13:32 INFO]: [CodeEngine] Enabling CodeEngine v0.1.0
[21:13:32 INFO]: [CodeEngine] Code Engine ready. WebIDE is stopped; use /ce web from the server console.
[21:13:32 INFO]: [CodeEngineVerification] Enabling CodeEngineVerification v0.1.0
[21:13:32 INFO]: [spark] The spark profiler will not be enabled because it is currently disabled in the configuration.
[21:13:32 INFO]: Running delayed init tasks
[21:13:32 INFO]: Done (9.879s)! For help, type "help"
[21:13:32 ERROR]: [PaperVersionFetcher] Error while parsing version list
java.net.UnknownHostException: fill.papermc.io
	at java.base/sun.nio.ch.NioSocketImpl.connect(NioSocketImpl.java:567) ~[?:?]
	at java.base/java.net.SocksSocketImpl.connect(SocksSocketImpl.java:327) ~[?:?]
	at java.base/java.net.Socket.connect(Socket.java:751) ~[?:?]
	at java.base/sun.security.ssl.SSLSocketImpl.connect(SSLSocketImpl.java:304) ~[?:?]
	at java.base/sun.net.NetworkClient.doConnect(NetworkClient.java:178) ~[?:?]
	at java.base/sun.net.www.http.HttpClient.openServer(HttpClient.java:539) ~[?:?]
	at java.base/sun.net.www.http.HttpClient.openServer(HttpClient.java:644) ~[?:?]
	at java.base/sun.net.www.protocol.https.HttpsClient.<init>(HttpsClient.java:265) ~[?:?]
	at java.base/sun.net.www.protocol.https.HttpsClient.New(HttpsClient.java:378) ~[?:?]
	at java.base/sun.net.www.protocol.https.AbstractDelegateHttpsURLConnection.getNewHttpClient(AbstractDelegateHttpsURLConnection.java:196) ~[?:?]
	at java.base/sun.net.www.protocol.http.HttpURLConnection.plainConnect0(HttpURLConnection.java:1260) ~[?:?]
	at java.base/sun.net.www.protocol.http.HttpURLConnection.plainConnect(HttpURLConnection.java:1146) ~[?:?]
	at java.base/sun.net.www.protocol.http.HttpURLConnection.connect(HttpURLConnection.java:1075) ~[?:?]
	at java.base/sun.net.www.protocol.https.AbstractDelegateHttpsURLConnection.connect(AbstractDelegateHttpsURLConnection.java:181) ~[?:?]
	at java.base/sun.net.www.protocol.http.HttpURLConnection.getInputStream0(HttpURLConnection.java:1707) ~[?:?]
	at java.base/sun.net.www.protocol.http.HttpURLConnection.getInputStream(HttpURLConnection.java:1632) ~[?:?]
	at java.base/sun.net.www.protocol.https.HttpsURLConnectionImpl.getInputStream(HttpsURLConnectionImpl.java:223) ~[?:?]
	at com.destroystokyo.paper.PaperVersionFetcher.fetchMinecraftVersionList(PaperVersionFetcher.java:149) ~[paper-1.21.11.jar:?]
	at com.destroystokyo.paper.PaperVersionFetcher.getUpdateStatusStartupMessage(PaperVersionFetcher.java:74) ~[paper-1.21.11.jar:?]
	at java.base/java.util.concurrent.CompletableFuture$AsyncRun.run(CompletableFuture.java:1804) ~[?:?]
	at java.base/java.util.concurrent.ThreadPoolExecutor.runWorker(ThreadPoolExecutor.java:1144) ~[?:?]
	at java.base/java.util.concurrent.ThreadPoolExecutor$Worker.run(ThreadPoolExecutor.java:642) ~[?:?]
	at java.base/java.lang.Thread.run(Thread.java:1583) ~[?:?]
[21:13:32 ERROR]: [PaperVersionFetcher] Error while parsing version
java.net.UnknownHostException: fill.papermc.io
	at java.base/sun.nio.ch.NioSocketImpl.connect(NioSocketImpl.java:567) ~[?:?]
	at java.base/java.net.SocksSocketImpl.connect(SocksSocketImpl.java:327) ~[?:?]
	at java.base/java.net.Socket.connect(Socket.java:751) ~[?:?]
	at java.base/sun.security.ssl.SSLSocketImpl.connect(SSLSocketImpl.java:304) ~[?:?]
	at java.base/sun.net.NetworkClient.doConnect(NetworkClient.java:178) ~[?:?]
	at java.base/sun.net.www.http.HttpClient.openServer(HttpClient.java:539) ~[?:?]
	at java.base/sun.net.www.http.HttpClient.openServer(HttpClient.java:644) ~[?:?]
	at java.base/sun.net.www.protocol.https.HttpsClient.<init>(HttpsClient.java:265) ~[?:?]
	at java.base/sun.net.www.protocol.https.HttpsClient.New(HttpsClient.java:378) ~[?:?]
	at java.base/sun.net.www.protocol.https.AbstractDelegateHttpsURLConnection.getNewHttpClient(AbstractDelegateHttpsURLConnection.java:196) ~[?:?]
	at java.base/sun.net.www.protocol.http.HttpURLConnection.plainConnect0(HttpURLConnection.java:1260) ~[?:?]
	at java.base/sun.net.www.protocol.http.HttpURLConnection.plainConnect(HttpURLConnection.java:1146) ~[?:?]
	at java.base/sun.net.www.protocol.http.HttpURLConnection.connect(HttpURLConnection.java:1075) ~[?:?]
	at java.base/sun.net.www.protocol.https.AbstractDelegateHttpsURLConnection.connect(AbstractDelegateHttpsURLConnection.java:181) ~[?:?]
	at java.base/sun.net.www.protocol.http.HttpURLConnection.getInputStream0(HttpURLConnection.java:1707) ~[?:?]
	at java.base/sun.net.www.protocol.http.HttpURLConnection.getInputStream(HttpURLConnection.java:1632) ~[?:?]
	at java.base/sun.net.www.protocol.https.HttpsURLConnectionImpl.getInputStream(HttpsURLConnectionImpl.java:223) ~[?:?]
	at com.destroystokyo.paper.PaperVersionFetcher.fetchDistanceFromSiteApi(PaperVersionFetcher.java:203) ~[paper-1.21.11.jar:?]
	at com.destroystokyo.paper.PaperVersionFetcher.getUpdateStatusStartupMessage(PaperVersionFetcher.java:76) ~[paper-1.21.11.jar:?]
	at java.base/java.util.concurrent.CompletableFuture$AsyncRun.run(CompletableFuture.java:1804) ~[?:?]
	at java.base/java.util.concurrent.ThreadPoolExecutor.runWorker(ThreadPoolExecutor.java:1144) ~[?:?]
	at java.base/java.util.concurrent.ThreadPoolExecutor$Worker.run(ThreadPoolExecutor.java:642) ~[?:?]
	at java.base/java.lang.Thread.run(Thread.java:1583) ~[?:?]
[21:13:32 ERROR]: *** Error obtaining version information! Cannot fetch version info ***
[21:13:38 WARN]: [CodeEngine] Module operation failed: probe
kr.codenamemc.codeengine.compiler.CompilationException: probe.ce:1: cannot find symbol
  symbol:   method doesNotExist()
  location: class kr.codenamemc.codeengine.generated.m_probe.Entry
	at CodeEngine.jar//kr.codenamemc.codeengine.compiler.ModuleCompiler.compile(ModuleCompiler.java:46) ~[?:?]
	at CodeEngine.jar//kr.codenamemc.codeengine.runtime.ModuleManager.lambda$prepareCompilation$7(ModuleManager.java:102) ~[?:?]
	at CodeEngine.jar//kr.codenamemc.codeengine.runtime.ModuleManager.lambda$executeWorker$8(ModuleManager.java:114) ~[?:?]
	at java.base/java.util.concurrent.ThreadPoolExecutor.runWorker(ThreadPoolExecutor.java:1144) ~[?:?]
	at java.base/java.util.concurrent.ThreadPoolExecutor$Worker.run(ThreadPoolExecutor.java:642) ~[?:?]
	at java.base/java.lang.Thread.run(Thread.java:1583) ~[?:?]
[21:13:38 WARN]: [CodeEngine] Module operation failed: probe
java.lang.AssertionError: expected activation failure
	at kr.codenamemc.codeengine.generated.m_probe.Entry.enable(Entry.java:20) ~[?:?]
	at CodeEngine.jar//kr.codenamemc.codeengine.runtime.ModuleManager.load(ModuleManager.java:162) ~[?:?]
	at CodeEngine.jar//kr.codenamemc.codeengine.runtime.ModuleManager.completeCompilation(ModuleManager.java:130) ~[?:?]
	at CodeEngine.jar//kr.codenamemc.codeengine.runtime.ModuleManager.lambda$prepareCompilation$6(ModuleManager.java:106) ~[?:?]
	at org.bukkit.craftbukkit.scheduler.CraftTask.run(CraftTask.java:78) ~[paper-1.21.11.jar:1.21.11-132-c5eb079]
	at org.bukkit.craftbukkit.scheduler.CraftScheduler.mainThreadHeartbeat(CraftScheduler.java:474) ~[paper-1.21.11.jar:1.21.11-132-c5eb079]
	at net.minecraft.server.MinecraftServer.tickChildren(MinecraftServer.java:1756) ~[paper-1.21.11.jar:1.21.11-132-c5eb079]
	at net.minecraft.server.MinecraftServer.tickServer(MinecraftServer.java:1611) ~[paper-1.21.11.jar:1.21.11-132-c5eb079]
	at net.minecraft.server.dedicated.DedicatedServer.tickServer(DedicatedServer.java:427) ~[paper-1.21.11.jar:1.21.11-132-c5eb079]
	at net.minecraft.server.MinecraftServer.processPacketsAndTick(MinecraftServer.java:1667) ~[paper-1.21.11.jar:1.21.11-132-c5eb079]
	at net.minecraft.server.MinecraftServer.runServer(MinecraftServer.java:1335) ~[paper-1.21.11.jar:1.21.11-132-c5eb079]
	at net.minecraft.server.MinecraftServer.lambda$spin$2(MinecraftServer.java:388) ~[paper-1.21.11.jar:1.21.11-132-c5eb079]
	at java.base/java.lang.Thread.run(Thread.java:1583) ~[?:?]
[21:13:39 WARN]: [CodeEngine] Module operation failed: probe
org.bukkit.plugin.IllegalPluginAccessException: org.bukkit.plugin.IllegalPluginAccessException: Unable to find handler list for event org.bukkit.event.Event. Static getHandlerList method required!
	at io.papermc.paper.plugin.manager.PaperEventManager.getEventListeners(PaperEventManager.java:109) ~[paper-1.21.11.jar:1.21.11-132-c5eb079]
	at io.papermc.paper.plugin.manager.PaperEventManager.registerEvent(PaperEventManager.java:99) ~[paper-1.21.11.jar:1.21.11-132-c5eb079]
	at io.papermc.paper.plugin.manager.PaperPluginManagerImpl.registerEvent(PaperPluginManagerImpl.java:146) ~[paper-1.21.11.jar:1.21.11-132-c5eb079]
	at org.bukkit.plugin.SimplePluginManager.registerEvent(SimplePluginManager.java:717) ~[paper-api-1.21.11-R0.1-SNAPSHOT.jar:?]
	at CodeEngine.jar//kr.codenamemc.codeengine.runtime.ModuleScope.activate(ModuleScope.java:106) ~[?:?]
	at CodeEngine.jar//kr.codenamemc.codeengine.runtime.ModuleManager.load(ModuleManager.java:166) ~[?:?]
	at CodeEngine.jar//kr.codenamemc.codeengine.runtime.ModuleManager.completeCompilation(ModuleManager.java:130) ~[?:?]
	at CodeEngine.jar//kr.codenamemc.codeengine.runtime.ModuleManager.lambda$prepareCompilation$6(ModuleManager.java:106) ~[?:?]
	at org.bukkit.craftbukkit.scheduler.CraftTask.run(CraftTask.java:78) ~[paper-1.21.11.jar:1.21.11-132-c5eb079]
	at org.bukkit.craftbukkit.scheduler.CraftScheduler.mainThreadHeartbeat(CraftScheduler.java:474) ~[paper-1.21.11.jar:1.21.11-132-c5eb079]
	at net.minecraft.server.MinecraftServer.tickChildren(MinecraftServer.java:1756) ~[paper-1.21.11.jar:1.21.11-132-c5eb079]
	at net.minecraft.server.MinecraftServer.tickServer(MinecraftServer.java:1611) ~[paper-1.21.11.jar:1.21.11-132-c5eb079]
	at net.minecraft.server.dedicated.DedicatedServer.tickServer(DedicatedServer.java:427) ~[paper-1.21.11.jar:1.21.11-132-c5eb079]
	at net.minecraft.server.MinecraftServer.processPacketsAndTick(MinecraftServer.java:1667) ~[paper-1.21.11.jar:1.21.11-132-c5eb079]
	at net.minecraft.server.MinecraftServer.runServer(MinecraftServer.java:1335) ~[paper-1.21.11.jar:1.21.11-132-c5eb079]
	at net.minecraft.server.MinecraftServer.lambda$spin$2(MinecraftServer.java:388) ~[paper-1.21.11.jar:1.21.11-132-c5eb079]
	at java.base/java.lang.Thread.run(Thread.java:1583) ~[?:?]
[21:13:39 WARN]: [CodeEngine] Module operation failed: other
java.lang.IllegalStateException: Command collision: ceprobe
	at CodeEngine.jar//kr.codenamemc.codeengine.runtime.ModuleScope.preflight(ModuleScope.java:99) ~[?:?]
	at CodeEngine.jar//kr.codenamemc.codeengine.runtime.ModuleManager.load(ModuleManager.java:160) ~[?:?]
	at CodeEngine.jar//kr.codenamemc.codeengine.runtime.ModuleManager.completeCompilation(ModuleManager.java:130) ~[?:?]
	at CodeEngine.jar//kr.codenamemc.codeengine.runtime.ModuleManager.lambda$prepareCompilation$6(ModuleManager.java:106) ~[?:?]
	at org.bukkit.craftbukkit.scheduler.CraftTask.run(CraftTask.java:78) ~[paper-1.21.11.jar:1.21.11-132-c5eb079]
	at org.bukkit.craftbukkit.scheduler.CraftScheduler.mainThreadHeartbeat(CraftScheduler.java:474) ~[paper-1.21.11.jar:1.21.11-132-c5eb079]
	at net.minecraft.server.MinecraftServer.tickChildren(MinecraftServer.java:1756) ~[paper-1.21.11.jar:1.21.11-132-c5eb079]
	at net.minecraft.server.MinecraftServer.tickServer(MinecraftServer.java:1611) ~[paper-1.21.11.jar:1.21.11-132-c5eb079]
	at net.minecraft.server.dedicated.DedicatedServer.tickServer(DedicatedServer.java:427) ~[paper-1.21.11.jar:1.21.11-132-c5eb079]
	at net.minecraft.server.MinecraftServer.processPacketsAndTick(MinecraftServer.java:1667) ~[paper-1.21.11.jar:1.21.11-132-c5eb079]
	at net.minecraft.server.MinecraftServer.runServer(MinecraftServer.java:1335) ~[paper-1.21.11.jar:1.21.11-132-c5eb079]
	at net.minecraft.server.MinecraftServer.lambda$spin$2(MinecraftServer.java:388) ~[paper-1.21.11.jar:1.21.11-132-c5eb079]
	at java.base/java.lang.Thread.run(Thread.java:1583) ~[?:?]
[21:13:40 WARN]: [CodeEngine] Module operation failed: reloadstop
java.lang.AssertionError: stop-before-load
	at kr.codenamemc.codeengine.generated.m_reloadstop.Entry.disable(Entry.java:25) ~[?:?]
	at CodeEngine.jar//kr.codenamemc.codeengine.runtime.ModuleDisposer.finish(ModuleDisposer.java:71) ~[?:?]
	at CodeEngine.jar//kr.codenamemc.codeengine.runtime.ModuleDisposer.dispose(ModuleDisposer.java:27) ~[?:?]
	at CodeEngine.jar//kr.codenamemc.codeengine.runtime.ModuleManager.unload(ModuleManager.java:82) ~[?:?]
	at CodeEngine.jar//kr.codenamemc.codeengine.runtime.ModuleManager.begin(ModuleManager.java:60) ~[?:?]
	at CodeEngine.jar//kr.codenamemc.codeengine.runtime.ModuleManager.lambda$submit$2(ModuleManager.java:51) ~[?:?]
	at org.bukkit.craftbukkit.scheduler.CraftTask.run(CraftTask.java:78) ~[paper-1.21.11.jar:1.21.11-132-c5eb079]
	at org.bukkit.craftbukkit.scheduler.CraftScheduler.mainThreadHeartbeat(CraftScheduler.java:474) ~[paper-1.21.11.jar:1.21.11-132-c5eb079]
	at net.minecraft.server.MinecraftServer.tickChildren(MinecraftServer.java:1756) ~[paper-1.21.11.jar:1.21.11-132-c5eb079]
	at net.minecraft.server.MinecraftServer.tickServer(MinecraftServer.java:1611) ~[paper-1.21.11.jar:1.21.11-132-c5eb079]
	at net.minecraft.server.dedicated.DedicatedServer.tickServer(DedicatedServer.java:427) ~[paper-1.21.11.jar:1.21.11-132-c5eb079]
	at net.minecraft.server.MinecraftServer.processPacketsAndTick(MinecraftServer.java:1667) ~[paper-1.21.11.jar:1.21.11-132-c5eb079]
	at net.minecraft.server.MinecraftServer.runServer(MinecraftServer.java:1335) ~[paper-1.21.11.jar:1.21.11-132-c5eb079]
	at net.minecraft.server.MinecraftServer.lambda$spin$2(MinecraftServer.java:388) ~[paper-1.21.11.jar:1.21.11-132-c5eb079]
	at java.base/java.lang.Thread.run(Thread.java:1583) ~[?:?]
[21:13:40 WARN]: [CodeEngine] Module operation failed: reloadstop
java.lang.AssertionError: stop-before-load
	at kr.codenamemc.codeengine.generated.m_reloadstop.Entry.disable(Entry.java:25) ~[?:?]
	at CodeEngine.jar//kr.codenamemc.codeengine.runtime.ModuleDisposer.finish(ModuleDisposer.java:71) ~[?:?]
	at CodeEngine.jar//kr.codenamemc.codeengine.runtime.ModuleDisposer.dispose(ModuleDisposer.java:27) ~[?:?]
	at CodeEngine.jar//kr.codenamemc.codeengine.runtime.ModuleManager.unload(ModuleManager.java:82) ~[?:?]
	at CodeEngine.jar//kr.codenamemc.codeengine.runtime.ModuleManager.begin(ModuleManager.java:60) ~[?:?]
	at CodeEngine.jar//kr.codenamemc.codeengine.runtime.ModuleManager.lambda$submit$2(ModuleManager.java:51) ~[?:?]
	at org.bukkit.craftbukkit.scheduler.CraftTask.run(CraftTask.java:78) ~[paper-1.21.11.jar:1.21.11-132-c5eb079]
	at org.bukkit.craftbukkit.scheduler.CraftScheduler.mainThreadHeartbeat(CraftScheduler.java:474) ~[paper-1.21.11.jar:1.21.11-132-c5eb079]
	at net.minecraft.server.MinecraftServer.tickChildren(MinecraftServer.java:1756) ~[paper-1.21.11.jar:1.21.11-132-c5eb079]
	at net.minecraft.server.MinecraftServer.tickServer(MinecraftServer.java:1611) ~[paper-1.21.11.jar:1.21.11-132-c5eb079]
	at net.minecraft.server.dedicated.DedicatedServer.tickServer(DedicatedServer.java:427) ~[paper-1.21.11.jar:1.21.11-132-c5eb079]
	at net.minecraft.server.MinecraftServer.processPacketsAndTick(MinecraftServer.java:1667) ~[paper-1.21.11.jar:1.21.11-132-c5eb079]
	at net.minecraft.server.MinecraftServer.runServer(MinecraftServer.java:1335) ~[paper-1.21.11.jar:1.21.11-132-c5eb079]
	at net.minecraft.server.MinecraftServer.lambda$spin$2(MinecraftServer.java:388) ~[paper-1.21.11.jar:1.21.11-132-c5eb079]
	at java.base/java.lang.Thread.run(Thread.java:1583) ~[?:?]
[21:13:40 WARN]: [CodeEngine] Module operation failed: reloadstop
java.lang.AssertionError: stop-before-load
	at kr.codenamemc.codeengine.generated.m_reloadstop.Entry.disable(Entry.java:25) ~[?:?]
	at CodeEngine.jar//kr.codenamemc.codeengine.runtime.ModuleDisposer.finish(ModuleDisposer.java:71) ~[?:?]
	at CodeEngine.jar//kr.codenamemc.codeengine.runtime.ModuleDisposer.dispose(ModuleDisposer.java:27) ~[?:?]
	at CodeEngine.jar//kr.codenamemc.codeengine.runtime.ModuleManager.unload(ModuleManager.java:82) ~[?:?]
	at CodeEngine.jar//kr.codenamemc.codeengine.runtime.ModuleManager.begin(ModuleManager.java:60) ~[?:?]
	at CodeEngine.jar//kr.codenamemc.codeengine.runtime.ModuleManager.lambda$submit$2(ModuleManager.java:51) ~[?:?]
	at org.bukkit.craftbukkit.scheduler.CraftTask.run(CraftTask.java:78) ~[paper-1.21.11.jar:1.21.11-132-c5eb079]
	at org.bukkit.craftbukkit.scheduler.CraftScheduler.mainThreadHeartbeat(CraftScheduler.java:474) ~[paper-1.21.11.jar:1.21.11-132-c5eb079]
	at net.minecraft.server.MinecraftServer.tickChildren(MinecraftServer.java:1756) ~[paper-1.21.11.jar:1.21.11-132-c5eb079]
	at net.minecraft.server.MinecraftServer.tickServer(MinecraftServer.java:1611) ~[paper-1.21.11.jar:1.21.11-132-c5eb079]
	at net.minecraft.server.dedicated.DedicatedServer.tickServer(DedicatedServer.java:427) ~[paper-1.21.11.jar:1.21.11-132-c5eb079]
	at net.minecraft.server.MinecraftServer.processPacketsAndTick(MinecraftServer.java:1667) ~[paper-1.21.11.jar:1.21.11-132-c5eb079]
	at net.minecraft.server.MinecraftServer.runServer(MinecraftServer.java:1335) ~[paper-1.21.11.jar:1.21.11-132-c5eb079]
	at net.minecraft.server.MinecraftServer.lambda$spin$2(MinecraftServer.java:388) ~[paper-1.21.11.jar:1.21.11-132-c5eb079]
	at java.base/java.lang.Thread.run(Thread.java:1583) ~[?:?]
[21:13:41 WARN]: [CodeEngine] Module operation failed: reloadfailure
kr.codenamemc.codeengine.compiler.CompilationException: reloadfailure.ce:1: cannot find symbol
  symbol:   method missingSymbol()
  location: class kr.codenamemc.codeengine.generated.m_reloadfailure.Entry
	at CodeEngine.jar//kr.codenamemc.codeengine.compiler.ModuleCompiler.compile(ModuleCompiler.java:46) ~[?:?]
	at CodeEngine.jar//kr.codenamemc.codeengine.runtime.ModuleManager.lambda$prepareCompilation$7(ModuleManager.java:102) ~[?:?]
	at CodeEngine.jar//kr.codenamemc.codeengine.runtime.ModuleManager.lambda$executeWorker$8(ModuleManager.java:114) ~[?:?]
	at java.base/java.util.concurrent.ThreadPoolExecutor.runWorker(ThreadPoolExecutor.java:1144) ~[?:?]
	at java.base/java.util.concurrent.ThreadPoolExecutor$Worker.run(ThreadPoolExecutor.java:642) ~[?:?]
	at java.base/java.lang.Thread.run(Thread.java:1583) ~[?:?]
[21:13:41 WARN]: [CodeEngine] Module operation failed: reloadfailure
kr.codenamemc.codeengine.compiler.CompilationException: reloadfailure.ce:1: cannot find symbol
  symbol:   method missingSymbol()
  location: class kr.codenamemc.codeengine.generated.m_reloadfailure.Entry
	at CodeEngine.jar//kr.codenamemc.codeengine.compiler.ModuleCompiler.compile(ModuleCompiler.java:46) ~[?:?]
	at CodeEngine.jar//kr.codenamemc.codeengine.runtime.ModuleManager.lambda$prepareCompilation$7(ModuleManager.java:102) ~[?:?]
	at CodeEngine.jar//kr.codenamemc.codeengine.runtime.ModuleManager.lambda$executeWorker$8(ModuleManager.java:114) ~[?:?]
	at java.base/java.util.concurrent.ThreadPoolExecutor.runWorker(ThreadPoolExecutor.java:1144) ~[?:?]
	at java.base/java.util.concurrent.ThreadPoolExecutor$Worker.run(ThreadPoolExecutor.java:642) ~[?:?]
	at java.base/java.lang.Thread.run(Thread.java:1583) ~[?:?]
[21:13:42 WARN]: [CodeEngine] Module operation failed: reloadfailure
java.lang.reflect.InvocationTargetException
	at java.base/jdk.internal.reflect.DirectConstructorHandleAccessor.newInstance(DirectConstructorHandleAccessor.java:74) ~[?:?]
	at java.base/java.lang.reflect.Constructor.newInstanceWithCaller(Constructor.java:502) ~[?:?]
	at java.base/java.lang.reflect.Constructor.newInstance(Constructor.java:486) ~[?:?]
	at CodeEngine.jar//kr.codenamemc.codeengine.runtime.ModuleManager.load(ModuleManager.java:154) ~[?:?]
	at CodeEngine.jar//kr.codenamemc.codeengine.runtime.ModuleManager.completeCompilation(ModuleManager.java:130) ~[?:?]
	at CodeEngine.jar//kr.codenamemc.codeengine.runtime.ModuleManager.lambda$prepareCompilation$6(ModuleManager.java:106) ~[?:?]
	at org.bukkit.craftbukkit.scheduler.CraftTask.run(CraftTask.java:78) ~[paper-1.21.11.jar:1.21.11-132-c5eb079]
	at org.bukkit.craftbukkit.scheduler.CraftScheduler.mainThreadHeartbeat(CraftScheduler.java:474) ~[paper-1.21.11.jar:1.21.11-132-c5eb079]
	at net.minecraft.server.MinecraftServer.tickChildren(MinecraftServer.java:1756) ~[paper-1.21.11.jar:1.21.11-132-c5eb079]
	at net.minecraft.server.MinecraftServer.tickServer(MinecraftServer.java:1611) ~[paper-1.21.11.jar:1.21.11-132-c5eb079]
	at net.minecraft.server.dedicated.DedicatedServer.tickServer(DedicatedServer.java:427) ~[paper-1.21.11.jar:1.21.11-132-c5eb079]
	at net.minecraft.server.MinecraftServer.processPacketsAndTick(MinecraftServer.java:1667) ~[paper-1.21.11.jar:1.21.11-132-c5eb079]
	at net.minecraft.server.MinecraftServer.runServer(MinecraftServer.java:1335) ~[paper-1.21.11.jar:1.21.11-132-c5eb079]
	at net.minecraft.server.MinecraftServer.lambda$spin$2(MinecraftServer.java:388) ~[paper-1.21.11.jar:1.21.11-132-c5eb079]
	at java.base/java.lang.Thread.run(Thread.java:1583) ~[?:?]
Caused by: java.lang.NumberFormatException: For input string: "bad"
	at java.base/java.lang.NumberFormatException.forInputString(NumberFormatException.java:67) ~[?:?]
	at java.base/java.lang.Integer.parseInt(Integer.java:662) ~[?:?]
	at java.base/java.lang.Integer.parseInt(Integer.java:778) ~[?:?]
	at kr.codenamemc.codeengine.generated.m_reloadfailure.Entry.<init>(Entry.java:11) ~[?:?]
	at java.base/jdk.internal.reflect.DirectConstructorHandleAccessor.newInstance(DirectConstructorHandleAccessor.java:62) ~[?:?]
	... 14 more
[21:13:42 WARN]: [CodeEngine] Module operation failed: reloadfailure
java.nio.file.NoSuchFileException: /tmp/codeengine-qualified-regression/fork-1/plugins/CodeEngine/modules/reloadfailure.ce
	at java.base/sun.nio.fs.UnixException.translateToIOException(UnixException.java:92) ~[?:?]
	at java.base/sun.nio.fs.UnixException.rethrowAsIOException(UnixException.java:106) ~[?:?]
	at java.base/sun.nio.fs.UnixException.rethrowAsIOException(UnixException.java:111) ~[?:?]
	at java.base/sun.nio.fs.UnixFileSystemProvider.newByteChannel(UnixFileSystemProvider.java:261) ~[?:?]
	at java.base/java.nio.file.Files.newByteChannel(Files.java:380) ~[?:?]
	at java.base/java.nio.file.Files.newByteChannel(Files.java:432) ~[?:?]
	at java.base/java.nio.file.spi.FileSystemProvider.newInputStream(FileSystemProvider.java:420) ~[?:?]
	at java.base/java.nio.file.Files.newInputStream(Files.java:160) ~[?:?]
	at CodeEngine.jar//kr.codenamemc.codeengine.workspace.ModuleSourceStore.read(ModuleSourceStore.java:39) ~[?:?]
	at CodeEngine.jar//kr.codenamemc.codeengine.runtime.ModuleManager.lambda$compile$5(ModuleManager.java:87) ~[?:?]
	at CodeEngine.jar//kr.codenamemc.codeengine.runtime.ModuleManager.lambda$executeWorker$8(ModuleManager.java:114) ~[?:?]
	at java.base/java.util.concurrent.ThreadPoolExecutor.runWorker(ThreadPoolExecutor.java:1144) ~[?:?]
	at java.base/java.util.concurrent.ThreadPoolExecutor$Worker.run(ThreadPoolExecutor.java:642) ~[?:?]
	at java.base/java.lang.Thread.run(Thread.java:1583) ~[?:?]
[21:13:42 ERROR]: [CodeEngine] [reloadtimer] Timer failed and was cancelled
java.lang.IllegalStateException: expected timer failure
	at kr.codenamemc.codeengine.generated.m_reloadtimer.Entry.__ceTimer0(Entry.java:18) ~[?:?]
	at CodeEngine.jar//kr.codenamemc.codeengine.runtime.ScopedTask.run(ScopedTask.java:15) ~[?:?]
	at CodeEngine.jar//kr.codenamemc.codeengine.runtime.ModuleScope$2.run(ModuleScope.java:115) ~[?:?]
	at org.bukkit.craftbukkit.scheduler.CraftTask.run(CraftTask.java:78) ~[paper-1.21.11.jar:1.21.11-132-c5eb079]
	at org.bukkit.craftbukkit.scheduler.CraftScheduler.mainThreadHeartbeat(CraftScheduler.java:474) ~[paper-1.21.11.jar:1.21.11-132-c5eb079]
	at net.minecraft.server.MinecraftServer.tickChildren(MinecraftServer.java:1756) ~[paper-1.21.11.jar:1.21.11-132-c5eb079]
	at net.minecraft.server.MinecraftServer.tickServer(MinecraftServer.java:1611) ~[paper-1.21.11.jar:1.21.11-132-c5eb079]
	at net.minecraft.server.dedicated.DedicatedServer.tickServer(DedicatedServer.java:427) ~[paper-1.21.11.jar:1.21.11-132-c5eb079]
	at net.minecraft.server.MinecraftServer.processPacketsAndTick(MinecraftServer.java:1667) ~[paper-1.21.11.jar:1.21.11-132-c5eb079]
	at net.minecraft.server.MinecraftServer.runServer(MinecraftServer.java:1335) ~[paper-1.21.11.jar:1.21.11-132-c5eb079]
	at net.minecraft.server.MinecraftServer.lambda$spin$2(MinecraftServer.java:388) ~[paper-1.21.11.jar:1.21.11-132-c5eb079]
	at java.base/java.lang.Thread.run(Thread.java:1583) ~[?:?]
[21:13:42 WARN]: [CodeEngine] Module operation failed: reloadtimer
org.bukkit.plugin.IllegalPluginAccessException: org.bukkit.plugin.IllegalPluginAccessException: Unable to find handler list for event org.bukkit.event.Event. Static getHandlerList method required!
	at io.papermc.paper.plugin.manager.PaperEventManager.getEventListeners(PaperEventManager.java:109) ~[paper-1.21.11.jar:1.21.11-132-c5eb079]
	at io.papermc.paper.plugin.manager.PaperEventManager.registerEvent(PaperEventManager.java:99) ~[paper-1.21.11.jar:1.21.11-132-c5eb079]
	at io.papermc.paper.plugin.manager.PaperPluginManagerImpl.registerEvent(PaperPluginManagerImpl.java:146) ~[paper-1.21.11.jar:1.21.11-132-c5eb079]
	at org.bukkit.plugin.SimplePluginManager.registerEvent(SimplePluginManager.java:717) ~[paper-api-1.21.11-R0.1-SNAPSHOT.jar:?]
	at CodeEngine.jar//kr.codenamemc.codeengine.runtime.ModuleScope.activate(ModuleScope.java:106) ~[?:?]
	at CodeEngine.jar//kr.codenamemc.codeengine.runtime.ModuleManager.load(ModuleManager.java:166) ~[?:?]
	at CodeEngine.jar//kr.codenamemc.codeengine.runtime.ModuleManager.completeCompilation(ModuleManager.java:130) ~[?:?]
	at CodeEngine.jar//kr.codenamemc.codeengine.runtime.ModuleManager.lambda$prepareCompilation$6(ModuleManager.java:106) ~[?:?]
	at org.bukkit.craftbukkit.scheduler.CraftTask.run(CraftTask.java:78) ~[paper-1.21.11.jar:1.21.11-132-c5eb079]
	at org.bukkit.craftbukkit.scheduler.CraftScheduler.mainThreadHeartbeat(CraftScheduler.java:474) ~[paper-1.21.11.jar:1.21.11-132-c5eb079]
	at net.minecraft.server.MinecraftServer.tickChildren(MinecraftServer.java:1756) ~[paper-1.21.11.jar:1.21.11-132-c5eb079]
	at net.minecraft.server.MinecraftServer.tickServer(MinecraftServer.java:1611) ~[paper-1.21.11.jar:1.21.11-132-c5eb079]
	at net.minecraft.server.dedicated.DedicatedServer.tickServer(DedicatedServer.java:427) ~[paper-1.21.11.jar:1.21.11-132-c5eb079]
	at net.minecraft.server.MinecraftServer.processPacketsAndTick(MinecraftServer.java:1667) ~[paper-1.21.11.jar:1.21.11-132-c5eb079]
	at net.minecraft.server.MinecraftServer.runServer(MinecraftServer.java:1335) ~[paper-1.21.11.jar:1.21.11-132-c5eb079]
	at net.minecraft.server.MinecraftServer.lambda$spin$2(MinecraftServer.java:388) ~[paper-1.21.11.jar:1.21.11-132-c5eb079]
	at java.base/java.lang.Thread.run(Thread.java:1583) ~[?:?]
[21:13:45 WARN]: [CodeEngine] Module operation failed: collisionlistener
java.lang.IllegalStateException: Command collision: cesharedb
	at CodeEngine.jar//kr.codenamemc.codeengine.runtime.ModuleScope.preflight(ModuleScope.java:99) ~[?:?]
	at CodeEngine.jar//kr.codenamemc.codeengine.runtime.ModuleManager.load(ModuleManager.java:164) ~[?:?]
	at CodeEngine.jar//kr.codenamemc.codeengine.runtime.ModuleManager.completeCompilation(ModuleManager.java:130) ~[?:?]
	at CodeEngine.jar//kr.codenamemc.codeengine.runtime.ModuleManager.lambda$prepareCompilation$6(ModuleManager.java:106) ~[?:?]
	at org.bukkit.craftbukkit.scheduler.CraftTask.run(CraftTask.java:78) ~[paper-1.21.11.jar:1.21.11-132-c5eb079]
	at org.bukkit.craftbukkit.scheduler.CraftScheduler.mainThreadHeartbeat(CraftScheduler.java:474) ~[paper-1.21.11.jar:1.21.11-132-c5eb079]
	at net.minecraft.server.MinecraftServer.tickChildren(MinecraftServer.java:1756) ~[paper-1.21.11.jar:1.21.11-132-c5eb079]
	at net.minecraft.server.MinecraftServer.tickServer(MinecraftServer.java:1611) ~[paper-1.21.11.jar:1.21.11-132-c5eb079]
	at net.minecraft.server.dedicated.DedicatedServer.tickServer(DedicatedServer.java:427) ~[paper-1.21.11.jar:1.21.11-132-c5eb079]
	at net.minecraft.server.MinecraftServer.processPacketsAndTick(MinecraftServer.java:1667) ~[paper-1.21.11.jar:1.21.11-132-c5eb079]
	at net.minecraft.server.MinecraftServer.runServer(MinecraftServer.java:1335) ~[paper-1.21.11.jar:1.21.11-132-c5eb079]
	at net.minecraft.server.MinecraftServer.lambda$spin$2(MinecraftServer.java:388) ~[paper-1.21.11.jar:1.21.11-132-c5eb079]
	at java.base/java.lang.Thread.run(Thread.java:1583) ~[?:?]
[21:13:45 WARN]: [CodeEngine] Module operation failed: partiallistener
org.bukkit.plugin.IllegalPluginAccessException: org.bukkit.plugin.IllegalPluginAccessException: Unable to find handler list for event org.bukkit.event.Event. Static getHandlerList method required!
	at io.papermc.paper.plugin.manager.PaperEventManager.getEventListeners(PaperEventManager.java:109) ~[paper-1.21.11.jar:1.21.11-132-c5eb079]
	at io.papermc.paper.plugin.manager.PaperEventManager.registerEvent(PaperEventManager.java:99) ~[paper-1.21.11.jar:1.21.11-132-c5eb079]
	at io.papermc.paper.plugin.manager.PaperPluginManagerImpl.registerEvent(PaperPluginManagerImpl.java:146) ~[paper-1.21.11.jar:1.21.11-132-c5eb079]
	at org.bukkit.plugin.SimplePluginManager.registerEvent(SimplePluginManager.java:717) ~[paper-api-1.21.11-R0.1-SNAPSHOT.jar:?]
	at CodeEngine.jar//kr.codenamemc.codeengine.runtime.ModuleScope.activate(ModuleScope.java:106) ~[?:?]
	at CodeEngine.jar//kr.codenamemc.codeengine.runtime.ModuleManager.load(ModuleManager.java:166) ~[?:?]
	at CodeEngine.jar//kr.codenamemc.codeengine.runtime.ModuleManager.completeCompilation(ModuleManager.java:130) ~[?:?]
	at CodeEngine.jar//kr.codenamemc.codeengine.runtime.ModuleManager.lambda$prepareCompilation$6(ModuleManager.java:106) ~[?:?]
	at org.bukkit.craftbukkit.scheduler.CraftTask.run(CraftTask.java:78) ~[paper-1.21.11.jar:1.21.11-132-c5eb079]
	at org.bukkit.craftbukkit.scheduler.CraftScheduler.mainThreadHeartbeat(CraftScheduler.java:474) ~[paper-1.21.11.jar:1.21.11-132-c5eb079]
	at net.minecraft.server.MinecraftServer.tickChildren(MinecraftServer.java:1756) ~[paper-1.21.11.jar:1.21.11-132-c5eb079]
	at net.minecraft.server.MinecraftServer.tickServer(MinecraftServer.java:1611) ~[paper-1.21.11.jar:1.21.11-132-c5eb079]
	at net.minecraft.server.dedicated.DedicatedServer.tickServer(DedicatedServer.java:427) ~[paper-1.21.11.jar:1.21.11-132-c5eb079]
	at net.minecraft.server.MinecraftServer.processPacketsAndTick(MinecraftServer.java:1667) ~[paper-1.21.11.jar:1.21.11-132-c5eb079]
	at net.minecraft.server.MinecraftServer.runServer(MinecraftServer.java:1335) ~[paper-1.21.11.jar:1.21.11-132-c5eb079]
	at net.minecraft.server.MinecraftServer.lambda$spin$2(MinecraftServer.java:388) ~[paper-1.21.11.jar:1.21.11-132-c5eb079]
	at java.base/java.lang.Thread.run(Thread.java:1583) ~[?:?]
[21:13:45 WARN]: [CodeEngine] Module operation failed: nulllistener
java.lang.NullPointerException
	at java.base/java.util.Objects.requireNonNull(Objects.java:233) ~[?:?]
	at CodeEngine.jar//kr.codenamemc.codeengine.runtime.ModuleScope.listen(ModuleScope.java:44) ~[?:?]
	at kr.codenamemc.codeengine.generated.m_nulllistener.Entry.enable(Entry.java:15) ~[?:?]
	at CodeEngine.jar//kr.codenamemc.codeengine.runtime.ModuleManager.load(ModuleManager.java:162) ~[?:?]
	at CodeEngine.jar//kr.codenamemc.codeengine.runtime.ModuleManager.completeCompilation(ModuleManager.java:130) ~[?:?]
	at CodeEngine.jar//kr.codenamemc.codeengine.runtime.ModuleManager.lambda$prepareCompilation$6(ModuleManager.java:106) ~[?:?]
	at org.bukkit.craftbukkit.scheduler.CraftTask.run(CraftTask.java:78) ~[paper-1.21.11.jar:1.21.11-132-c5eb079]
	at org.bukkit.craftbukkit.scheduler.CraftScheduler.mainThreadHeartbeat(CraftScheduler.java:474) ~[paper-1.21.11.jar:1.21.11-132-c5eb079]
	at net.minecraft.server.MinecraftServer.tickChildren(MinecraftServer.java:1756) ~[paper-1.21.11.jar:1.21.11-132-c5eb079]
	at net.minecraft.server.MinecraftServer.tickServer(MinecraftServer.java:1611) ~[paper-1.21.11.jar:1.21.11-132-c5eb079]
	at net.minecraft.server.dedicated.DedicatedServer.tickServer(DedicatedServer.java:427) ~[paper-1.21.11.jar:1.21.11-132-c5eb079]
	at net.minecraft.server.MinecraftServer.processPacketsAndTick(MinecraftServer.java:1667) ~[paper-1.21.11.jar:1.21.11-132-c5eb079]
	at net.minecraft.server.MinecraftServer.runServer(MinecraftServer.java:1335) ~[paper-1.21.11.jar:1.21.11-132-c5eb079]
	at net.minecraft.server.MinecraftServer.lambda$spin$2(MinecraftServer.java:388) ~[paper-1.21.11.jar:1.21.11-132-c5eb079]
	at java.base/java.lang.Thread.run(Thread.java:1583) ~[?:?]
[21:13:47 ERROR]: Could not pass event AsyncPlayerChatEvent to CodeEngine v0.1.0
java.lang.RuntimeException: java.lang.AssertionError: expected callback failure
	at kr.codenamemc.codeengine.generated.m_asyncthrow.Entry.__ceEvent1(Entry.java:31) ~[?:?]
	at kr.codenamemc.codeengine.generated.m_asyncthrow.Entry.lambda$prepare$0(Entry.java:14) ~[?:?]
	at CodeEngine.jar//kr.codenamemc.codeengine.runtime.ScopedEventExecutor.execute(ScopedEventExecutor.java:19) ~[?:?]
	at co.aikar.timings.TimedEventExecutor.execute(TimedEventExecutor.java:80) ~[paper-api-1.21.11-R0.1-SNAPSHOT.jar:?]
	at org.bukkit.plugin.RegisteredListener.callEvent(RegisteredListener.java:71) ~[paper-api-1.21.11-R0.1-SNAPSHOT.jar:?]
	at io.papermc.paper.plugin.manager.PaperEventManager.callEvent(PaperEventManager.java:54) ~[paper-1.21.11.jar:1.21.11-132-c5eb079]
	at io.papermc.paper.plugin.manager.PaperPluginManagerImpl.callEvent(PaperPluginManagerImpl.java:131) ~[paper-1.21.11.jar:1.21.11-132-c5eb079]
	at org.bukkit.plugin.SimplePluginManager.callEvent(SimplePluginManager.java:628) ~[paper-api-1.21.11-R0.1-SNAPSHOT.jar:?]
	at Verification.jar//kr.codenamemc.codeengine.verification.AsyncLifecycleVerification$Probe.lambda$start$0(AsyncLifecycleVerification.java:244) ~[?:?]
	at java.base/java.util.concurrent.CompletableFuture$AsyncRun.run(CompletableFuture.java:1804) ~[?:?]
	at java.base/java.util.concurrent.CompletableFuture$AsyncRun.exec(CompletableFuture.java:1796) ~[?:?]
	at java.base/java.util.concurrent.ForkJoinTask.doExec(ForkJoinTask.java:387) ~[?:?]
	at java.base/java.util.concurrent.ForkJoinPool$WorkQueue.topLevelExec(ForkJoinPool.java:1312) ~[?:?]
	at java.base/java.util.concurrent.ForkJoinPool.scan(ForkJoinPool.java:1843) ~[?:?]
	at java.base/java.util.concurrent.ForkJoinPool.runWorker(ForkJoinPool.java:1808) ~[?:?]
	at java.base/java.util.concurrent.ForkJoinWorkerThread.run(ForkJoinWorkerThread.java:188) ~[?:?]
Caused by: java.lang.AssertionError: expected callback failure
	at kr.codenamemc.codeengine.generated.m_asyncthrow.Entry.__ceEvent1(Entry.java:28) ~[?:?]
	... 15 more
[21:13:49 WARN]: [CodeEngine] Module operation failed: asynctimeout
java.util.concurrent.TimeoutException: Module is still stopping: asynctimeout; managed callbacks have not returned. New loads are blocked until cleanup completes.
	at CodeEngine.jar//kr.codenamemc.codeengine.runtime.ModuleDisposer.poll(ModuleDisposer.java:54) ~[?:?]
	at org.bukkit.craftbukkit.scheduler.CraftTask.run(CraftTask.java:78) ~[paper-1.21.11.jar:1.21.11-132-c5eb079]
	at org.bukkit.craftbukkit.scheduler.CraftScheduler.mainThreadHeartbeat(CraftScheduler.java:474) ~[paper-1.21.11.jar:1.21.11-132-c5eb079]
	at net.minecraft.server.MinecraftServer.tickChildren(MinecraftServer.java:1756) ~[paper-1.21.11.jar:1.21.11-132-c5eb079]
	at net.minecraft.server.MinecraftServer.tickServer(MinecraftServer.java:1611) ~[paper-1.21.11.jar:1.21.11-132-c5eb079]
	at net.minecraft.server.dedicated.DedicatedServer.tickServer(DedicatedServer.java:427) ~[paper-1.21.11.jar:1.21.11-132-c5eb079]
	at net.minecraft.server.MinecraftServer.processPacketsAndTick(MinecraftServer.java:1667) ~[paper-1.21.11.jar:1.21.11-132-c5eb079]
	at net.minecraft.server.MinecraftServer.runServer(MinecraftServer.java:1335) ~[paper-1.21.11.jar:1.21.11-132-c5eb079]
	at net.minecraft.server.MinecraftServer.lambda$spin$2(MinecraftServer.java:388) ~[paper-1.21.11.jar:1.21.11-132-c5eb079]
	at java.base/java.lang.Thread.run(Thread.java:1583) ~[?:?]
[21:13:49 INFO]: [CodeEngine] Deferred module cleanup completed: asynctimeout
[21:13:49 WARN]: [CodeEngine] Module operation failed: asyncpartial
org.bukkit.plugin.IllegalPluginAccessException: java.lang.reflect.InvocationTargetException
	at io.papermc.paper.plugin.manager.PaperEventManager.getEventListeners(PaperEventManager.java:109) ~[paper-1.21.11.jar:1.21.11-132-c5eb079]
	at io.papermc.paper.plugin.manager.PaperEventManager.registerEvent(PaperEventManager.java:99) ~[paper-1.21.11.jar:1.21.11-132-c5eb079]
	at io.papermc.paper.plugin.manager.PaperPluginManagerImpl.registerEvent(PaperPluginManagerImpl.java:146) ~[paper-1.21.11.jar:1.21.11-132-c5eb079]
	at org.bukkit.plugin.SimplePluginManager.registerEvent(SimplePluginManager.java:717) ~[paper-api-1.21.11-R0.1-SNAPSHOT.jar:?]
	at CodeEngine.jar//kr.codenamemc.codeengine.runtime.ModuleScope.activate(ModuleScope.java:106) ~[?:?]
	at CodeEngine.jar//kr.codenamemc.codeengine.runtime.ModuleManager.load(ModuleManager.java:166) ~[?:?]
	at CodeEngine.jar//kr.codenamemc.codeengine.runtime.ModuleManager.completeCompilation(ModuleManager.java:130) ~[?:?]
	at CodeEngine.jar//kr.codenamemc.codeengine.runtime.ModuleManager.lambda$prepareCompilation$6(ModuleManager.java:106) ~[?:?]
	at org.bukkit.craftbukkit.scheduler.CraftTask.run(CraftTask.java:78) ~[paper-1.21.11.jar:1.21.11-132-c5eb079]
	at org.bukkit.craftbukkit.scheduler.CraftScheduler.mainThreadHeartbeat(CraftScheduler.java:474) ~[paper-1.21.11.jar:1.21.11-132-c5eb079]
	at net.minecraft.server.MinecraftServer.tickChildren(MinecraftServer.java:1756) ~[paper-1.21.11.jar:1.21.11-132-c5eb079]
	at net.minecraft.server.MinecraftServer.tickServer(MinecraftServer.java:1611) ~[paper-1.21.11.jar:1.21.11-132-c5eb079]
	at net.minecraft.server.dedicated.DedicatedServer.tickServer(DedicatedServer.java:427) ~[paper-1.21.11.jar:1.21.11-132-c5eb079]
	at net.minecraft.server.MinecraftServer.processPacketsAndTick(MinecraftServer.java:1667) ~[paper-1.21.11.jar:1.21.11-132-c5eb079]
	at net.minecraft.server.MinecraftServer.runServer(MinecraftServer.java:1335) ~[paper-1.21.11.jar:1.21.11-132-c5eb079]
	at net.minecraft.server.MinecraftServer.lambda$spin$2(MinecraftServer.java:388) ~[paper-1.21.11.jar:1.21.11-132-c5eb079]
	at java.base/java.lang.Thread.run(Thread.java:1583) ~[?:?]
[21:13:50 WARN]: [CodeEngine] Server/plugin shutdown while module callbacks are running: asyncshutdown; disable hook and registered resource cleanup skipped. Artifacts stay open until callbacks return.
[21:13:50 WARN]: [CodeEngine] Server/plugin shutdown while module callbacks are running: asyncclosing; disable hook and registered resource cleanup skipped. Artifacts stay open until callbacks return.
[21:13:50 WARN]: [CodeEngine] Module operation failed: asyncclosing
java.lang.IllegalStateException: Engine stopped while module callbacks are running: asyncclosing
	at CodeEngine.jar//kr.codenamemc.codeengine.runtime.ModuleDisposer.deferArtifactCleanup(ModuleDisposer.java:141) ~[?:?]
	at CodeEngine.jar//kr.codenamemc.codeengine.runtime.ModuleDisposer.close(ModuleDisposer.java:127) ~[?:?]
	at CodeEngine.jar//kr.codenamemc.codeengine.runtime.ModuleManager.close(ModuleManager.java:263) ~[?:?]
	at Verification.jar//kr.codenamemc.codeengine.verification.AsyncLifecycleVerification.lambda$shutdown$45(AsyncLifecycleVerification.java:158) ~[?:?]
	at java.base/java.util.concurrent.CompletableFuture$UniRun.tryFire(CompletableFuture.java:787) ~[?:?]
	at java.base/java.util.concurrent.CompletableFuture.postComplete(CompletableFuture.java:510) ~[?:?]
	at java.base/java.util.concurrent.CompletableFuture.complete(CompletableFuture.java:2179) ~[?:?]
	at Verification.jar//kr.codenamemc.codeengine.verification.AsyncLifecycleVerification.lambda$ticks$59(AsyncLifecycleVerification.java:289) ~[?:?]
	at org.bukkit.craftbukkit.scheduler.CraftTask.run(CraftTask.java:78) ~[paper-1.21.11.jar:1.21.11-132-c5eb079]
	at org.bukkit.craftbukkit.scheduler.CraftScheduler.mainThreadHeartbeat(CraftScheduler.java:474) ~[paper-1.21.11.jar:1.21.11-132-c5eb079]
	at net.minecraft.server.MinecraftServer.tickChildren(MinecraftServer.java:1756) ~[paper-1.21.11.jar:1.21.11-132-c5eb079]
	at net.minecraft.server.MinecraftServer.tickServer(MinecraftServer.java:1611) ~[paper-1.21.11.jar:1.21.11-132-c5eb079]
	at net.minecraft.server.dedicated.DedicatedServer.tickServer(DedicatedServer.java:427) ~[paper-1.21.11.jar:1.21.11-132-c5eb079]
	at net.minecraft.server.MinecraftServer.processPacketsAndTick(MinecraftServer.java:1667) ~[paper-1.21.11.jar:1.21.11-132-c5eb079]
	at net.minecraft.server.MinecraftServer.runServer(MinecraftServer.java:1335) ~[paper-1.21.11.jar:1.21.11-132-c5eb079]
	at net.minecraft.server.MinecraftServer.lambda$spin$2(MinecraftServer.java:388) ~[paper-1.21.11.jar:1.21.11-132-c5eb079]
	at java.base/java.lang.Thread.run(Thread.java:1583) ~[?:?]
[21:13:51 WARN]: [CodeEngine] Engine shutdown completed; user disable/cleanup skipped: reentrantclose
[21:13:51 WARN]: [CodeEngine] Module operation failed: reentrantclose
java.lang.IllegalStateException: Engine shutdown completed; user disable/cleanup skipped: reentrantclose
	at CodeEngine.jar//kr.codenamemc.codeengine.runtime.ModuleDisposer.skipUserCleanup(ModuleDisposer.java:103) ~[?:?]
	at CodeEngine.jar//kr.codenamemc.codeengine.runtime.ModuleDisposer.finish(ModuleDisposer.java:77) ~[?:?]
	at CodeEngine.jar//kr.codenamemc.codeengine.runtime.ModuleDisposer.dispose(ModuleDisposer.java:27) ~[?:?]
	at CodeEngine.jar//kr.codenamemc.codeengine.runtime.ModuleManager.unload(ModuleManager.java:82) ~[?:?]
	at CodeEngine.jar//kr.codenamemc.codeengine.runtime.ModuleManager.begin(ModuleManager.java:60) ~[?:?]
	at CodeEngine.jar//kr.codenamemc.codeengine.runtime.ModuleManager.lambda$submit$2(ModuleManager.java:51) ~[?:?]
	at org.bukkit.craftbukkit.scheduler.CraftTask.run(CraftTask.java:78) ~[paper-1.21.11.jar:1.21.11-132-c5eb079]
	at org.bukkit.craftbukkit.scheduler.CraftScheduler.mainThreadHeartbeat(CraftScheduler.java:474) ~[paper-1.21.11.jar:1.21.11-132-c5eb079]
	at net.minecraft.server.MinecraftServer.tickChildren(MinecraftServer.java:1756) ~[paper-1.21.11.jar:1.21.11-132-c5eb079]
	at net.minecraft.server.MinecraftServer.tickServer(MinecraftServer.java:1611) ~[paper-1.21.11.jar:1.21.11-132-c5eb079]
	at net.minecraft.server.dedicated.DedicatedServer.tickServer(DedicatedServer.java:427) ~[paper-1.21.11.jar:1.21.11-132-c5eb079]
	at net.minecraft.server.MinecraftServer.processPacketsAndTick(MinecraftServer.java:1667) ~[paper-1.21.11.jar:1.21.11-132-c5eb079]
	at net.minecraft.server.MinecraftServer.runServer(MinecraftServer.java:1335) ~[paper-1.21.11.jar:1.21.11-132-c5eb079]
	at net.minecraft.server.MinecraftServer.lambda$spin$2(MinecraftServer.java:388) ~[paper-1.21.11.jar:1.21.11-132-c5eb079]
	at java.base/java.lang.Thread.run(Thread.java:1583) ~[?:?]
[21:13:51 INFO]: [CodeEngineVerification] LIFECYCLE PASS checks=391; starting paired benchmark
[21:14:04 INFO]: [CodeEngineVerification] VERIFICATION PASS checks=391 samples=480
[21:14:04 INFO]: Stopping the server
[21:14:04 INFO]: Stopping server
[21:14:04 INFO]: [CodeEngineVerification] Disabling CodeEngineVerification v0.1.0
[21:14:04 INFO]: [CodeEngine] Disabling CodeEngine v0.1.0
[21:14:04 INFO]: Saving players
[21:14:04 INFO]: Saving worlds
[21:14:04 INFO]: Saving chunks for level 'ServerLevel[world]'/minecraft:overworld
[21:14:04 INFO]: [ChunkHolderManager] Waiting 60s for chunk system to halt for world 'world'
[21:14:04 INFO]: [ChunkHolderManager] Halted chunk system for world 'world'
[21:14:04 INFO]: [ChunkHolderManager] Saving all chunkholders for world 'world'
[21:14:04 INFO]: [ChunkHolderManager] Saved 1 block chunks, 1 entity chunks, 0 poi chunks in world 'world' in 0.00s
[21:14:04 INFO]: [ChunkHolderManager] Waiting 60s for chunk I/O to halt for world 'world'
[21:14:04 INFO]: [ChunkHolderManager] Halted I/O scheduler for world 'world'
[21:14:04 INFO]: Saving chunks for level 'ServerLevel[world_nether]'/minecraft:the_nether
[21:14:04 INFO]: [ChunkHolderManager] Waiting 60s for chunk system to halt for world 'world_nether'
[21:14:04 INFO]: [ChunkHolderManager] Halted chunk system for world 'world_nether'
[21:14:04 INFO]: [ChunkHolderManager] Saving all chunkholders for world 'world_nether'
[21:14:04 INFO]: [ChunkHolderManager] Saved 0 block chunks, 0 entity chunks, 0 poi chunks in world 'world_nether' in 0.00s
[21:14:04 INFO]: [ChunkHolderManager] Waiting 60s for chunk I/O to halt for world 'world_nether'
[21:14:04 INFO]: [ChunkHolderManager] Halted I/O scheduler for world 'world_nether'
[21:14:04 INFO]: Saving chunks for level 'ServerLevel[world_the_end]'/minecraft:the_end
[21:14:04 INFO]: [ChunkHolderManager] Waiting 60s for chunk system to halt for world 'world_the_end'
[21:14:04 INFO]: [ChunkHolderManager] Halted chunk system for world 'world_the_end'
[21:14:04 INFO]: [ChunkHolderManager] Saving all chunkholders for world 'world_the_end'
[21:14:04 INFO]: [ChunkHolderManager] Saved 0 block chunks, 0 entity chunks, 0 poi chunks in world 'world_the_end' in 0.00s
[21:14:04 INFO]: [ChunkHolderManager] Waiting 60s for chunk I/O to halt for world 'world_the_end'
[21:14:04 INFO]: [ChunkHolderManager] Halted I/O scheduler for world 'world_the_end'
[21:14:04 INFO]: ThreadedAnvilChunkStorage (world): All chunks are saved
[21:14:04 INFO]: ThreadedAnvilChunkStorage (DIM-1): All chunks are saved
[21:14:04 INFO]: ThreadedAnvilChunkStorage (DIM1): All chunks are saved
[21:14:04 INFO]: ThreadedAnvilChunkStorage: All dimensions are saved
[21:14:04 INFO]: Waiting for all RegionFile I/O tasks to complete...
[21:14:04 INFO]: All RegionFile I/O tasks to complete
[21:14:04 INFO]: [MoonriseCommon] Awaiting termination of worker pool for up to 60s...
[21:14:04 INFO]: [MoonriseCommon] Awaiting termination of I/O pool for up to 60s...
