Starting org.bukkit.craftbukkit.Main
[21:08:34 INFO]: [bootstrap] Running Java 21 (OpenJDK 64-Bit Server VM 21.0.12.1+12-LTS; Amazon.com Inc. Corretto-21.0.12.12.1) on Linux 6.18.44 (amd64)
[21:08:34 INFO]: [bootstrap] Loading Paper 1.21.11-132-ver/1.21.11@c5eb079 (2026-05-11T11:43:09Z) for Minecraft 1.21.11
[21:08:35 INFO]: [PluginInitializerManager] Initializing plugins...
[21:08:35 INFO]: [ReobfServer] Remapping server...
[21:08:40 INFO]: [ReobfServer] Done remapping server in 4732ms.
[21:08:40 INFO]: [PluginRemapper] Remapping plugin 'plugins/PlaceholderAPI.jar'...
[21:08:40 INFO]: [PluginRemapper] Remapping plugin 'plugins/CodeEngine.jar'...
[21:08:40 INFO]: [PluginRemapper] Done remapping plugin 'plugins/CodeEngine.jar' in 218ms.
[21:08:40 INFO]: [PluginRemapper] Remapping plugin 'plugins/CodeEngineExternalVerification.jar'...
[21:08:40 INFO]: [PluginRemapper] Done remapping plugin 'plugins/CodeEngineExternalVerification.jar' in 30ms.
[21:08:40 INFO]: [PluginRemapper] Done remapping plugin 'plugins/PlaceholderAPI.jar' in 293ms.
[21:08:40 INFO]: [PluginInitializerManager] Initialized 3 plugins
[21:08:40 INFO]: [PluginInitializerManager] Bukkit plugins (3):
 - CodeEngine (0.1.0), CodeEngineExternalVerification (0.1.0), PlaceholderAPI (2.11.6)
[21:08:44 INFO]: Environment: Environment[sessionHost=https://sessionserver.mojang.com, servicesHost=https://api.minecraftservices.com, profilesHost=https://api.mojang.com, name=PROD]
[21:08:44 INFO]: Found new data pack file/bukkit, loading it automatically
[21:08:44 INFO]: Found new data pack paper, loading it automatically
[21:08:44 ERROR]: Failed to request yggdrasil public key
com.mojang.authlib.exceptions.MinecraftClientException: Failed to read from https://api.minecraftservices.com/publickeys due to api.minecraftservices.com
	at com.mojang.authlib.minecraft.client.MinecraftClient.readInputStream(MinecraftClient.java:111) ~[authlib-7.0.61.jar:?]
	at com.mojang.authlib.minecraft.client.MinecraftClient.get(MinecraftClient.java:56) ~[authlib-7.0.61.jar:?]
	at com.mojang.authlib.yggdrasil.YggdrasilServicesKeyInfo.fetch(YggdrasilServicesKeyInfo.java:114) ~[authlib-7.0.61.jar:?]
	at com.mojang.authlib.yggdrasil.YggdrasilServicesKeyInfo$1.run(YggdrasilServicesKeyInfo.java:89) ~[authlib-7.0.61.jar:?]
	at java.base/java.util.concurrent.Executors$RunnableAdapter.call(Executors.java:572) ~[?:?]
	at java.base/java.util.concurrent.FutureTask.run(FutureTask.java:317) ~[?:?]
	at java.base/java.util.concurrent.ScheduledThreadPoolExecutor$ScheduledFutureTask.run(ScheduledThreadPoolExecutor.java:304) ~[?:?]
	at java.base/java.util.concurrent.ThreadPoolExecutor.runWorker(ThreadPoolExecutor.java:1144) ~[?:?]
	at java.base/java.util.concurrent.ThreadPoolExecutor$Worker.run(ThreadPoolExecutor.java:642) ~[?:?]
	at java.base/java.lang.Thread.run(Thread.java:1583) ~[?:?]
Caused by: java.net.UnknownHostException: api.minecraftservices.com
	at java.base/sun.nio.ch.NioSocketImpl.connect(NioSocketImpl.java:567) ~[?:?]
	at java.base/java.net.SocksSocketImpl.connect(SocksSocketImpl.java:327) ~[?:?]
	at java.base/java.net.Socket.connect(Socket.java:751) ~[?:?]
	at java.base/sun.security.ssl.SSLSocketImpl.connect(SSLSocketImpl.java:304) ~[?:?]
	at java.base/sun.net.NetworkClient.doConnect(NetworkClient.java:178) ~[?:?]
	at java.base/sun.net.www.http.HttpClient.openServer(HttpClient.java:539) ~[?:?]
	at java.base/sun.net.www.http.HttpClient.openServer(HttpClient.java:644) ~[?:?]
	at java.base/sun.net.www.protocol.https.HttpsClient.<init>(HttpsClient.java:265) ~[?:?]
	at java.base/sun.net.www.protocol.https.HttpsClient.New(HttpsClient.java:378) ~[?:?]
	at java.base/sun.net.www.protocol.https.AbstractDelegateHttpsURLConnection.getNewHttpClient(AbstractDelegateHttpsURLConnection.java:196) ~[?:?]
	at java.base/sun.net.www.protocol.http.HttpURLConnection.plainConnect0(HttpURLConnection.java:1305) ~[?:?]
	at java.base/sun.net.www.protocol.http.HttpURLConnection.plainConnect(HttpURLConnection.java:1146) ~[?:?]
	at java.base/sun.net.www.protocol.http.HttpURLConnection.connect(HttpURLConnection.java:1075) ~[?:?]
	at java.base/sun.net.www.protocol.https.AbstractDelegateHttpsURLConnection.connect(AbstractDelegateHttpsURLConnection.java:181) ~[?:?]
	at java.base/sun.net.www.protocol.http.HttpURLConnection.getInputStream0(HttpURLConnection.java:1707) ~[?:?]
	at java.base/sun.net.www.protocol.http.HttpURLConnection.getInputStream(HttpURLConnection.java:1632) ~[?:?]
	at java.base/java.net.HttpURLConnection.getResponseCode(HttpURLConnection.java:531) ~[?:?]
	at java.base/sun.net.www.protocol.https.HttpsURLConnectionImpl.getResponseCode(HttpsURLConnectionImpl.java:307) ~[?:?]
	at com.mojang.authlib.minecraft.client.MinecraftClient.readInputStream(MinecraftClient.java:82) ~[authlib-7.0.61.jar:?]
	... 9 more
[21:08:45 INFO]: No existing world data, creating new world
[21:08:45 INFO]: Loaded 1470 recipes
[21:08:45 INFO]: Loaded 1584 advancements
[21:08:45 INFO]: [ca.spottedleaf.dataconverter.minecraft.datatypes.MCTypeRegistry] Initialising converters for DataConverter...
[21:08:46 INFO]: [ca.spottedleaf.dataconverter.minecraft.datatypes.MCTypeRegistry] Finished initialising converters for DataConverter in 352.9ms
[21:08:46 INFO]: Starting minecraft server version 1.21.11
[21:08:46 WARN]: ****************************
[21:08:46 WARN]: YOU ARE RUNNING THIS SERVER AS AN ADMINISTRATIVE OR ROOT USER. THIS IS NOT ADVISED.
[21:08:46 WARN]: YOU ARE OPENING YOURSELF UP TO POTENTIAL RISKS WHEN DOING THIS.
[21:08:46 WARN]: FOR MORE INFORMATION, SEE https://madelinemiller.dev/blog/root-minecraft-server/
[21:08:46 WARN]: ****************************
[21:08:46 INFO]: Loading properties
[21:08:46 INFO]: This server is running Paper version 1.21.11-132-ver/1.21.11@c5eb079 (2026-05-11T11:43:09Z) (Implementing API version 1.21.11-R0.1-SNAPSHOT)
[21:08:46 INFO]: [spark] This server bundles the spark profiler. For more information please visit https://docs.papermc.io/paper/profiling
[21:08:46 INFO]: Server Ping Player Sample Count: 12
[21:08:46 INFO]: Using 4 threads for Netty based IO
[21:08:47 WARN]: [Configurations] The global config file didn't have a version set, assuming latest
[21:08:47 INFO]: [MoonriseCommon] Paper is using 2 worker threads, 1 I/O threads
[21:08:47 INFO]: Default game type: SURVIVAL
[21:08:47 INFO]: Generating keypair
[21:08:47 INFO]: Starting Minecraft server on 127.0.0.1:25587
[21:08:47 INFO]: Paper: Using libdeflate (Linux x86_64) compression from Velocity.
[21:08:47 INFO]: Paper: Using OpenSSL 3.x.x (Linux x86_64) cipher from Velocity.
[21:08:47 WARN]: [io.netty.util.internal.MacAddressUtil] Failed to find a usable hardware address from the network interfaces; using random bytes: 34:35:4e:a4:ce:43:9f:70
[21:08:47 INFO]: [CodeEngine] Loading server plugin CodeEngine v0.1.0
[21:08:47 INFO]: [PlaceholderAPI] Loading server plugin PlaceholderAPI v2.11.6
[21:08:47 INFO]: [CodeEngineExternalVerification] Loading server plugin CodeEngineExternalVerification v0.1.0
[21:08:47 WARN]: **** SERVER IS RUNNING IN OFFLINE/INSECURE MODE!
[21:08:47 WARN]: The server will make no attempt to authenticate usernames. Beware.
[21:08:47 WARN]: While this makes the game possible to play without internet access, it also opens up the ability for hackers to connect with any username they choose.
[21:08:47 WARN]: To change this, set "online-mode" to "true" in the server.properties file.
[21:08:47 INFO]: Preparing level "world"
[21:08:47 INFO]: [ca.spottedleaf.moonrise.common.util.MoonriseConstants] NUMA enable flag is not set; however there is NUMA interaction support for this OS.
[21:08:47 INFO]: [ca.spottedleaf.moonrise.common.util.MoonriseConstants] Detected 1 NUMA nodes.
[21:08:47 INFO]: Selecting spawn point for world 'minecraft:overworld'...
[21:08:48 INFO]: Selecting spawn point for world 'minecraft:the_nether'...
[21:08:48 INFO]: Selecting spawn point for world 'minecraft:the_end'...
[21:08:48 INFO]: Loading 0 persistent chunks for world 'minecraft:overworld'...
[21:08:48 INFO]: Preparing spawn area: 100%
[21:08:48 INFO]: Prepared spawn area in 1154 ms
[21:08:48 INFO]: Loading 0 persistent chunks for world 'minecraft:the_nether'...
[21:08:48 INFO]: Preparing spawn area: 100%
[21:08:48 INFO]: Prepared spawn area in 821 ms
[21:08:48 INFO]: Loading 0 persistent chunks for world 'minecraft:the_end'...
[21:08:48 INFO]: Preparing spawn area: 100%
[21:08:48 INFO]: Prepared spawn area in 228 ms
[21:08:48 INFO]: Done preparing level "world" (1.354s)
[21:08:48 INFO]: [CodeEngine] Enabling CodeEngine v0.1.0
[21:08:48 INFO]: [CodeEngine] Code Engine ready. WebIDE is stopped; use /ce web from the server console.
[21:08:48 INFO]: [PlaceholderAPI] Enabling PlaceholderAPI v2.11.6
[21:08:49 INFO]: [CodeEngineExternalVerification] Enabling CodeEngineExternalVerification v0.1.0
[21:08:49 INFO]: [PlaceholderAPI] Successfully registered internal expansion: cenative [1.0]
[21:08:49 INFO]: [spark] The spark profiler will not be enabled because it is currently disabled in the configuration.
[21:08:49 INFO]: [PlaceholderAPI] Placeholder expansion registration initializing...
[21:08:49 INFO]: 0 placeholder hook(s) registered!
[21:08:49 INFO]: Running delayed init tasks
[21:08:49 INFO]: Done (14.941s)! For help, type "help"
[21:08:49 ERROR]: [PaperVersionFetcher] Error while parsing version list
java.net.UnknownHostException: fill.papermc.io
	at java.base/sun.nio.ch.NioSocketImpl.connect(NioSocketImpl.java:567) ~[?:?]
	at java.base/java.net.SocksSocketImpl.connect(SocksSocketImpl.java:327) ~[?:?]
	at java.base/java.net.Socket.connect(Socket.java:751) ~[?:?]
	at java.base/sun.security.ssl.SSLSocketImpl.connect(SSLSocketImpl.java:304) ~[?:?]
	at java.base/sun.net.NetworkClient.doConnect(NetworkClient.java:178) ~[?:?]
	at java.base/sun.net.www.http.HttpClient.openServer(HttpClient.java:539) ~[?:?]
	at java.base/sun.net.www.http.HttpClient.openServer(HttpClient.java:644) ~[?:?]
	at java.base/sun.net.www.protocol.https.HttpsClient.<init>(HttpsClient.java:265) ~[?:?]
	at java.base/sun.net.www.protocol.https.HttpsClient.New(HttpsClient.java:378) ~[?:?]
	at java.base/sun.net.www.protocol.https.AbstractDelegateHttpsURLConnection.getNewHttpClient(AbstractDelegateHttpsURLConnection.java:196) ~[?:?]
	at java.base/sun.net.www.protocol.http.HttpURLConnection.plainConnect0(HttpURLConnection.java:1260) ~[?:?]
	at java.base/sun.net.www.protocol.http.HttpURLConnection.plainConnect(HttpURLConnection.java:1146) ~[?:?]
	at java.base/sun.net.www.protocol.http.HttpURLConnection.connect(HttpURLConnection.java:1075) ~[?:?]
	at java.base/sun.net.www.protocol.https.AbstractDelegateHttpsURLConnection.connect(AbstractDelegateHttpsURLConnection.java:181) ~[?:?]
	at java.base/sun.net.www.protocol.http.HttpURLConnection.getInputStream0(HttpURLConnection.java:1707) ~[?:?]
	at java.base/sun.net.www.protocol.http.HttpURLConnection.getInputStream(HttpURLConnection.java:1632) ~[?:?]
	at java.base/sun.net.www.protocol.https.HttpsURLConnectionImpl.getInputStream(HttpsURLConnectionImpl.java:223) ~[?:?]
	at com.destroystokyo.paper.PaperVersionFetcher.fetchMinecraftVersionList(PaperVersionFetcher.java:149) ~[paper-1.21.11.jar:?]
	at com.destroystokyo.paper.PaperVersionFetcher.getUpdateStatusStartupMessage(PaperVersionFetcher.java:74) ~[paper-1.21.11.jar:?]
	at java.base/java.util.concurrent.CompletableFuture$AsyncRun.run(CompletableFuture.java:1804) ~[?:?]
	at java.base/java.util.concurrent.ThreadPoolExecutor.runWorker(ThreadPoolExecutor.java:1144) ~[?:?]
	at java.base/java.util.concurrent.ThreadPoolExecutor$Worker.run(ThreadPoolExecutor.java:642) ~[?:?]
	at java.base/java.lang.Thread.run(Thread.java:1583) ~[?:?]
[21:08:49 ERROR]: [PaperVersionFetcher] Error while parsing version
java.net.UnknownHostException: fill.papermc.io
	at java.base/sun.nio.ch.NioSocketImpl.connect(NioSocketImpl.java:567) ~[?:?]
	at java.base/java.net.SocksSocketImpl.connect(SocksSocketImpl.java:327) ~[?:?]
	at java.base/java.net.Socket.connect(Socket.java:751) ~[?:?]
	at java.base/sun.security.ssl.SSLSocketImpl.connect(SSLSocketImpl.java:304) ~[?:?]
	at java.base/sun.net.NetworkClient.doConnect(NetworkClient.java:178) ~[?:?]
	at java.base/sun.net.www.http.HttpClient.openServer(HttpClient.java:539) ~[?:?]
	at java.base/sun.net.www.http.HttpClient.openServer(HttpClient.java:644) ~[?:?]
	at java.base/sun.net.www.protocol.https.HttpsClient.<init>(HttpsClient.java:265) ~[?:?]
	at java.base/sun.net.www.protocol.https.HttpsClient.New(HttpsClient.java:378) ~[?:?]
	at java.base/sun.net.www.protocol.https.AbstractDelegateHttpsURLConnection.getNewHttpClient(AbstractDelegateHttpsURLConnection.java:196) ~[?:?]
	at java.base/sun.net.www.protocol.http.HttpURLConnection.plainConnect0(HttpURLConnection.java:1260) ~[?:?]
	at java.base/sun.net.www.protocol.http.HttpURLConnection.plainConnect(HttpURLConnection.java:1146) ~[?:?]
	at java.base/sun.net.www.protocol.http.HttpURLConnection.connect(HttpURLConnection.java:1075) ~[?:?]
	at java.base/sun.net.www.protocol.https.AbstractDelegateHttpsURLConnection.connect(AbstractDelegateHttpsURLConnection.java:181) ~[?:?]
	at java.base/sun.net.www.protocol.http.HttpURLConnection.getInputStream0(HttpURLConnection.java:1707) ~[?:?]
	at java.base/sun.net.www.protocol.http.HttpURLConnection.getInputStream(HttpURLConnection.java:1632) ~[?:?]
	at java.base/sun.net.www.protocol.https.HttpsURLConnectionImpl.getInputStream(HttpsURLConnectionImpl.java:223) ~[?:?]
	at com.destroystokyo.paper.PaperVersionFetcher.fetchDistanceFromSiteApi(PaperVersionFetcher.java:203) ~[paper-1.21.11.jar:?]
	at com.destroystokyo.paper.PaperVersionFetcher.getUpdateStatusStartupMessage(PaperVersionFetcher.java:76) ~[paper-1.21.11.jar:?]
	at java.base/java.util.concurrent.CompletableFuture$AsyncRun.run(CompletableFuture.java:1804) ~[?:?]
	at java.base/java.util.concurrent.ThreadPoolExecutor.runWorker(ThreadPoolExecutor.java:1144) ~[?:?]
	at java.base/java.util.concurrent.ThreadPoolExecutor$Worker.run(ThreadPoolExecutor.java:642) ~[?:?]
	at java.base/java.lang.Thread.run(Thread.java:1583) ~[?:?]
[21:08:49 ERROR]: *** Error obtaining version information! Cannot fetch version info ***
[21:08:49 WARN]: [CodeEngine] Module operation failed: missing
java.lang.IllegalStateException: Required plugin is missing or disabled: DefinitelyNotInstalled
	at CodeEngine.jar//kr.codenamemc.codeengine.runtime.PluginDependencyRegistry.snapshot(PluginDependencyRegistry.java:33) ~[?:?]
	at CodeEngine.jar//kr.codenamemc.codeengine.runtime.ModuleManager.prepareCompilation(ModuleManager.java:96) ~[?:?]
	at CodeEngine.jar//kr.codenamemc.codeengine.runtime.ModuleManager.lambda$compile$4(ModuleManager.java:89) ~[?:?]
	at org.bukkit.craftbukkit.scheduler.CraftTask.run(CraftTask.java:78) ~[paper-1.21.11.jar:1.21.11-132-c5eb079]
	at org.bukkit.craftbukkit.scheduler.CraftScheduler.mainThreadHeartbeat(CraftScheduler.java:474) ~[paper-1.21.11.jar:1.21.11-132-c5eb079]
	at net.minecraft.server.MinecraftServer.tickChildren(MinecraftServer.java:1756) ~[paper-1.21.11.jar:1.21.11-132-c5eb079]
	at net.minecraft.server.MinecraftServer.tickServer(MinecraftServer.java:1611) ~[paper-1.21.11.jar:1.21.11-132-c5eb079]
	at net.minecraft.server.dedicated.DedicatedServer.tickServer(DedicatedServer.java:427) ~[paper-1.21.11.jar:1.21.11-132-c5eb079]
	at net.minecraft.server.MinecraftServer.processPacketsAndTick(MinecraftServer.java:1667) ~[paper-1.21.11.jar:1.21.11-132-c5eb079]
	at net.minecraft.server.MinecraftServer.runServer(MinecraftServer.java:1335) ~[paper-1.21.11.jar:1.21.11-132-c5eb079]
	at net.minecraft.server.MinecraftServer.lambda$spin$2(MinecraftServer.java:388) ~[paper-1.21.11.jar:1.21.11-132-c5eb079]
	at java.base/java.lang.Thread.run(Thread.java:1583) ~[?:?]
[21:08:50 WARN]: [CodeEngine] Module operation failed: undeclared
kr.codenamemc.codeengine.compiler.CompilationException: undeclared.ce:1: package me.clip.placeholderapi does not exist
undeclared.ce:1: cannot find symbol
  symbol:   variable PlaceholderAPI
  location: class kr.codenamemc.codeengine.generated.m_undeclared.Entry
	at CodeEngine.jar//kr.codenamemc.codeengine.compiler.ModuleCompiler.compile(ModuleCompiler.java:46) ~[?:?]
	at CodeEngine.jar//kr.codenamemc.codeengine.runtime.ModuleManager.lambda$prepareCompilation$7(ModuleManager.java:102) ~[?:?]
	at CodeEngine.jar//kr.codenamemc.codeengine.runtime.ModuleManager.lambda$executeWorker$8(ModuleManager.java:114) ~[?:?]
	at java.base/java.util.concurrent.ThreadPoolExecutor.runWorker(ThreadPoolExecutor.java:1144) ~[?:?]
	at java.base/java.util.concurrent.ThreadPoolExecutor$Worker.run(ThreadPoolExecutor.java:642) ~[?:?]
	at java.base/java.lang.Thread.run(Thread.java:1583) ~[?:?]
[21:08:50 INFO]: [PlaceholderAPI] Successfully registered internal expansion: cemodule [1.0]
[21:08:50 WARN]: [CodeEngine] Module operation failed: failedexternal
java.lang.IllegalStateException: expected enable failure
	at kr.codenamemc.codeengine.generated.m_failedexternal.Entry.enable(Entry.java:40) ~[?:?]
	at CodeEngine.jar//kr.codenamemc.codeengine.runtime.ModuleManager.load(ModuleManager.java:162) ~[?:?]
	at CodeEngine.jar//kr.codenamemc.codeengine.runtime.ModuleManager.completeCompilation(ModuleManager.java:130) ~[?:?]
	at CodeEngine.jar//kr.codenamemc.codeengine.runtime.ModuleManager.lambda$prepareCompilation$6(ModuleManager.java:106) ~[?:?]
	at org.bukkit.craftbukkit.scheduler.CraftTask.run(CraftTask.java:78) ~[paper-1.21.11.jar:1.21.11-132-c5eb079]
	at org.bukkit.craftbukkit.scheduler.CraftScheduler.mainThreadHeartbeat(CraftScheduler.java:474) ~[paper-1.21.11.jar:1.21.11-132-c5eb079]
	at net.minecraft.server.MinecraftServer.tickChildren(MinecraftServer.java:1756) ~[paper-1.21.11.jar:1.21.11-132-c5eb079]
	at net.minecraft.server.MinecraftServer.tickServer(MinecraftServer.java:1611) ~[paper-1.21.11.jar:1.21.11-132-c5eb079]
	at net.minecraft.server.dedicated.DedicatedServer.tickServer(DedicatedServer.java:427) ~[paper-1.21.11.jar:1.21.11-132-c5eb079]
	at net.minecraft.server.MinecraftServer.processPacketsAndTick(MinecraftServer.java:1667) ~[paper-1.21.11.jar:1.21.11-132-c5eb079]
	at net.minecraft.server.MinecraftServer.runServer(MinecraftServer.java:1335) ~[paper-1.21.11.jar:1.21.11-132-c5eb079]
	at net.minecraft.server.MinecraftServer.lambda$spin$2(MinecraftServer.java:388) ~[paper-1.21.11.jar:1.21.11-132-c5eb079]
	at java.base/java.lang.Thread.run(Thread.java:1583) ~[?:?]
[21:08:51 INFO]: [PlaceholderAPI] Successfully registered internal expansion: cemodule [1.0]
[21:08:51 INFO]: [PlaceholderAPI] Successfully registered internal expansion: cemodule [1.0]
[21:08:51 INFO]: [PlaceholderAPI] Successfully registered internal expansion: cemodule [1.0]
[21:08:51 INFO]: [PlaceholderAPI] Successfully registered internal expansion: cemodule [1.0]
[21:08:52 INFO]: [PlaceholderAPI] Successfully registered internal expansion: cemodule [1.0]
[21:08:52 INFO]: [PlaceholderAPI] Successfully registered internal expansion: cemodule [1.0]
[21:08:52 WARN]: [CodeEngine] Module operation failed: undeclaredafter
kr.codenamemc.codeengine.compiler.CompilationException: undeclaredafter.ce:1: package me.clip.placeholderapi does not exist
undeclaredafter.ce:1: cannot find symbol
  symbol:   variable PlaceholderAPI
  location: class kr.codenamemc.codeengine.generated.m_undeclaredafter.Entry
	at CodeEngine.jar//kr.codenamemc.codeengine.compiler.ModuleCompiler.compile(ModuleCompiler.java:46) ~[?:?]
	at CodeEngine.jar//kr.codenamemc.codeengine.runtime.ModuleManager.lambda$prepareCompilation$7(ModuleManager.java:102) ~[?:?]
	at CodeEngine.jar//kr.codenamemc.codeengine.runtime.ModuleManager.lambda$executeWorker$8(ModuleManager.java:114) ~[?:?]
	at java.base/java.util.concurrent.ThreadPoolExecutor.runWorker(ThreadPoolExecutor.java:1144) ~[?:?]
	at java.base/java.util.concurrent.ThreadPoolExecutor$Worker.run(ThreadPoolExecutor.java:642) ~[?:?]
	at java.base/java.lang.Thread.run(Thread.java:1583) ~[?:?]
[21:08:52 INFO]: [PlaceholderAPI] Successfully registered internal expansion: cemodule [1.0]
[21:08:52 INFO]: [CodeEngineExternalVerification] EXTERNAL LIFECYCLE PASS checks=1877
[21:09:13 INFO]: [PlaceholderAPI] Disabling PlaceholderAPI v2.11.6
[21:09:13 WARN]: [CodeEngine] Stopping module external: dependency PlaceholderAPI stopped. Provider hot reload is unsupported; restart the server.
[21:09:13 WARN]: [CodeEngine] Dependency shutdown: external
java.lang.IllegalStateException: Required plugin stopped: PlaceholderAPI
	at CodeEngine.jar//kr.codenamemc.codeengine.runtime.ModuleManager.dependencyStopped(ModuleManager.java:211) ~[?:?]
	at CodeEngine.jar//kr.codenamemc.codeengine.runtime.PluginDependencyRegistry.onPluginDisable(PluginDependencyRegistry.java:61) ~[?:?]
	at co.aikar.timings.TimedEventExecutor.execute(TimedEventExecutor.java:80) ~[paper-api-1.21.11-R0.1-SNAPSHOT.jar:?]
	at org.bukkit.plugin.RegisteredListener.callEvent(RegisteredListener.java:71) ~[paper-api-1.21.11-R0.1-SNAPSHOT.jar:?]
	at io.papermc.paper.plugin.manager.PaperEventManager.callEvent(PaperEventManager.java:54) ~[paper-1.21.11.jar:1.21.11-132-c5eb079]
	at io.papermc.paper.plugin.manager.PaperPluginManagerImpl.callEvent(PaperPluginManagerImpl.java:131) ~[paper-1.21.11.jar:1.21.11-132-c5eb079]
	at org.bukkit.plugin.SimplePluginManager.callEvent(SimplePluginManager.java:628) ~[paper-api-1.21.11-R0.1-SNAPSHOT.jar:?]
	at io.papermc.paper.plugin.manager.PaperPluginInstanceManager.disablePlugin(PaperPluginInstanceManager.java:240) ~[paper-1.21.11.jar:1.21.11-132-c5eb079]
	at io.papermc.paper.plugin.manager.PaperPluginManagerImpl.disablePlugin(PaperPluginManagerImpl.java:114) ~[paper-1.21.11.jar:1.21.11-132-c5eb079]
	at org.bukkit.plugin.SimplePluginManager.disablePlugin(SimplePluginManager.java:550) ~[paper-api-1.21.11-R0.1-SNAPSHOT.jar:?]
	at CodeEngineExternalVerification.jar//kr.codenamemc.codeengine.externalverification.ExternalVerificationPlugin.finish(ExternalVerificationPlugin.java:232) ~[?:?]
	at CodeEngineExternalVerification.jar//kr.codenamemc.codeengine.externalverification.PairedBenchmark.run(PairedBenchmark.java:56) ~[?:?]
	at org.bukkit.craftbukkit.scheduler.CraftTask.run(CraftTask.java:78) ~[paper-1.21.11.jar:1.21.11-132-c5eb079]
	at org.bukkit.craftbukkit.scheduler.CraftScheduler.mainThreadHeartbeat(CraftScheduler.java:474) ~[paper-1.21.11.jar:1.21.11-132-c5eb079]
	at net.minecraft.server.MinecraftServer.tickChildren(MinecraftServer.java:1756) ~[paper-1.21.11.jar:1.21.11-132-c5eb079]
	at net.minecraft.server.MinecraftServer.tickServer(MinecraftServer.java:1611) ~[paper-1.21.11.jar:1.21.11-132-c5eb079]
	at net.minecraft.server.dedicated.DedicatedServer.tickServer(DedicatedServer.java:427) ~[paper-1.21.11.jar:1.21.11-132-c5eb079]
	at net.minecraft.server.MinecraftServer.processPacketsAndTick(MinecraftServer.java:1667) ~[paper-1.21.11.jar:1.21.11-132-c5eb079]
	at net.minecraft.server.MinecraftServer.runServer(MinecraftServer.java:1335) ~[paper-1.21.11.jar:1.21.11-132-c5eb079]
	at net.minecraft.server.MinecraftServer.lambda$spin$2(MinecraftServer.java:388) ~[paper-1.21.11.jar:1.21.11-132-c5eb079]
	at java.base/java.lang.Thread.run(Thread.java:1583) ~[?:?]
[21:09:13 INFO]: [PlaceholderAPI] Enabling PlaceholderAPI v2.11.6
[21:09:13 WARN]: Enabled plugin with unregistered ConfiguredPluginClassLoader PlaceholderAPI v2.11.6
[21:09:14 WARN]: [CodeEngine] Module operation failed: stale
java.lang.IllegalStateException: Required plugin was stopped; restart the server before using it again: PlaceholderAPI
	at CodeEngine.jar//kr.codenamemc.codeengine.runtime.PluginDependencyRegistry.snapshot(PluginDependencyRegistry.java:37) ~[?:?]
	at CodeEngine.jar//kr.codenamemc.codeengine.runtime.ModuleManager.prepareCompilation(ModuleManager.java:96) ~[?:?]
	at CodeEngine.jar//kr.codenamemc.codeengine.runtime.ModuleManager.lambda$compile$4(ModuleManager.java:89) ~[?:?]
	at org.bukkit.craftbukkit.scheduler.CraftTask.run(CraftTask.java:78) ~[paper-1.21.11.jar:1.21.11-132-c5eb079]
	at org.bukkit.craftbukkit.scheduler.CraftScheduler.mainThreadHeartbeat(CraftScheduler.java:474) ~[paper-1.21.11.jar:1.21.11-132-c5eb079]
	at net.minecraft.server.MinecraftServer.tickChildren(MinecraftServer.java:1756) ~[paper-1.21.11.jar:1.21.11-132-c5eb079]
	at net.minecraft.server.MinecraftServer.tickServer(MinecraftServer.java:1611) ~[paper-1.21.11.jar:1.21.11-132-c5eb079]
	at net.minecraft.server.dedicated.DedicatedServer.tickServer(DedicatedServer.java:427) ~[paper-1.21.11.jar:1.21.11-132-c5eb079]
	at net.minecraft.server.MinecraftServer.processPacketsAndTick(MinecraftServer.java:1667) ~[paper-1.21.11.jar:1.21.11-132-c5eb079]
	at net.minecraft.server.MinecraftServer.runServer(MinecraftServer.java:1335) ~[paper-1.21.11.jar:1.21.11-132-c5eb079]
	at net.minecraft.server.MinecraftServer.lambda$spin$2(MinecraftServer.java:388) ~[paper-1.21.11.jar:1.21.11-132-c5eb079]
	at java.base/java.lang.Thread.run(Thread.java:1583) ~[?:?]
[21:09:14 INFO]: [CodeEngineExternalVerification] EXTERNAL VERIFICATION PASS checks=1883
[21:09:14 INFO]: Stopping the server
[21:09:14 INFO]: Stopping server
[21:09:14 INFO]: [CodeEngineExternalVerification] Disabling CodeEngineExternalVerification v0.1.0
[21:09:14 INFO]: [PlaceholderAPI] Disabling PlaceholderAPI v2.11.6
[21:09:14 INFO]: [CodeEngine] Disabling CodeEngine v0.1.0
[21:09:14 INFO]: Saving players
[21:09:14 INFO]: Saving worlds
[21:09:14 INFO]: Saving chunks for level 'ServerLevel[world]'/minecraft:overworld
[21:09:14 INFO]: [ChunkHolderManager] Waiting 60s for chunk system to halt for world 'world'
[21:09:14 INFO]: [ChunkHolderManager] Halted chunk system for world 'world'
[21:09:14 INFO]: [ChunkHolderManager] Saving all chunkholders for world 'world'
[21:09:14 INFO]: [ChunkHolderManager] Saved 0 block chunks, 0 entity chunks, 0 poi chunks in world 'world' in 0.00s
[21:09:14 INFO]: [ChunkHolderManager] Waiting 60s for chunk I/O to halt for world 'world'
[21:09:14 INFO]: [ChunkHolderManager] Halted I/O scheduler for world 'world'
[21:09:14 INFO]: Saving chunks for level 'ServerLevel[world_nether]'/minecraft:the_nether
[21:09:14 INFO]: [ChunkHolderManager] Waiting 60s for chunk system to halt for world 'world_nether'
[21:09:14 INFO]: [ChunkHolderManager] Halted chunk system for world 'world_nether'
[21:09:14 INFO]: [ChunkHolderManager] Saving all chunkholders for world 'world_nether'
[21:09:14 INFO]: [ChunkHolderManager] Saved 0 block chunks, 0 entity chunks, 0 poi chunks in world 'world_nether' in 0.00s
[21:09:14 INFO]: [ChunkHolderManager] Waiting 60s for chunk I/O to halt for world 'world_nether'
[21:09:14 INFO]: [ChunkHolderManager] Halted I/O scheduler for world 'world_nether'
[21:09:14 INFO]: Saving chunks for level 'ServerLevel[world_the_end]'/minecraft:the_end
[21:09:14 INFO]: [ChunkHolderManager] Waiting 60s for chunk system to halt for world 'world_the_end'
[21:09:14 INFO]: [ChunkHolderManager] Halted chunk system for world 'world_the_end'
[21:09:14 INFO]: [ChunkHolderManager] Saving all chunkholders for world 'world_the_end'
[21:09:14 INFO]: [ChunkHolderManager] Saved 0 block chunks, 0 entity chunks, 0 poi chunks in world 'world_the_end' in 0.00s
[21:09:14 INFO]: [ChunkHolderManager] Waiting 60s for chunk I/O to halt for world 'world_the_end'
[21:09:14 INFO]: [ChunkHolderManager] Halted I/O scheduler for world 'world_the_end'
[21:09:14 INFO]: ThreadedAnvilChunkStorage (world): All chunks are saved
[21:09:14 INFO]: ThreadedAnvilChunkStorage (DIM-1): All chunks are saved
[21:09:14 INFO]: ThreadedAnvilChunkStorage (DIM1): All chunks are saved
[21:09:14 INFO]: ThreadedAnvilChunkStorage: All dimensions are saved
[21:09:14 INFO]: Waiting for all RegionFile I/O tasks to complete...
[21:09:14 INFO]: All RegionFile I/O tasks to complete
[21:09:14 INFO]: [MoonriseCommon] Awaiting termination of worker pool for up to 60s...
[21:09:14 INFO]: [MoonriseCommon] Awaiting termination of I/O pool for up to 60s...
