Starting org.bukkit.craftbukkit.Main
[19:23:06 INFO]: [bootstrap] Running Java 21 (OpenJDK 64-Bit Server VM 21.0.12.1+12-LTS; Amazon.com Inc. Corretto-21.0.12.12.1) on Linux 6.18.44 (amd64)
[19:23:06 INFO]: [bootstrap] Loading Paper 1.21.11-132-ver/1.21.11@c5eb079 (2026-05-11T11:43:09Z) for Minecraft 1.21.11
[19:23:07 INFO]: [PluginInitializerManager] Initializing plugins...
[19:23:07 INFO]: [ReobfServer] Remapping server...
[19:23:11 INFO]: [ReobfServer] Done remapping server in 3976ms.
[19:23:11 INFO]: [PluginRemapper] Remapping plugin 'plugins/PlaceholderAPI.jar'...
[19:23:11 INFO]: [PluginRemapper] Remapping plugin 'plugins/CodeEngine.jar'...
[19:23:11 INFO]: [PluginRemapper] Done remapping plugin 'plugins/CodeEngine.jar' in 144ms.
[19:23:11 INFO]: [PluginRemapper] Remapping plugin 'plugins/CodeEngineExternalVerification.jar'...
[19:23:11 INFO]: [PluginRemapper] Done remapping plugin 'plugins/CodeEngineExternalVerification.jar' in 44ms.
[19:23:11 INFO]: [PluginRemapper] Done remapping plugin 'plugins/PlaceholderAPI.jar' in 214ms.
[19:23:11 INFO]: [PluginInitializerManager] Initialized 3 plugins
[19:23:11 INFO]: [PluginInitializerManager] Bukkit plugins (3):
 - CodeEngine (0.1.0), CodeEngineExternalVerification (0.1.0), PlaceholderAPI (2.11.6)
[19:23:15 INFO]: Environment: Environment[sessionHost=https://sessionserver.mojang.com, servicesHost=https://api.minecraftservices.com, profilesHost=https://api.mojang.com, name=PROD]
[19:23:15 INFO]: Found new data pack file/bukkit, loading it automatically
[19:23:15 INFO]: Found new data pack paper, loading it automatically
[19:23:15 ERROR]: Failed to request yggdrasil public key
com.mojang.authlib.exceptions.MinecraftClientException: Failed to read from https://api.minecraftservices.com/publickeys due to api.minecraftservices.com
	at com.mojang.authlib.minecraft.client.MinecraftClient.readInputStream(MinecraftClient.java:111) ~[authlib-7.0.61.jar:?]
	at com.mojang.authlib.minecraft.client.MinecraftClient.get(MinecraftClient.java:56) ~[authlib-7.0.61.jar:?]
	at com.mojang.authlib.yggdrasil.YggdrasilServicesKeyInfo.fetch(YggdrasilServicesKeyInfo.java:114) ~[authlib-7.0.61.jar:?]
	at com.mojang.authlib.yggdrasil.YggdrasilServicesKeyInfo$1.run(YggdrasilServicesKeyInfo.java:89) ~[authlib-7.0.61.jar:?]
	at java.base/java.util.concurrent.Executors$RunnableAdapter.call(Executors.java:572) ~[?:?]
	at java.base/java.util.concurrent.FutureTask.run(FutureTask.java:317) ~[?:?]
	at java.base/java.util.concurrent.ScheduledThreadPoolExecutor$ScheduledFutureTask.run(ScheduledThreadPoolExecutor.java:304) ~[?:?]
	at java.base/java.util.concurrent.ThreadPoolExecutor.runWorker(ThreadPoolExecutor.java:1144) ~[?:?]
	at java.base/java.util.concurrent.ThreadPoolExecutor$Worker.run(ThreadPoolExecutor.java:642) ~[?:?]
	at java.base/java.lang.Thread.run(Thread.java:1583) ~[?:?]
Caused by: java.net.UnknownHostException: api.minecraftservices.com
	at java.base/sun.nio.ch.NioSocketImpl.connect(NioSocketImpl.java:567) ~[?:?]
	at java.base/java.net.SocksSocketImpl.connect(SocksSocketImpl.java:327) ~[?:?]
	at java.base/java.net.Socket.connect(Socket.java:751) ~[?:?]
	at java.base/sun.security.ssl.SSLSocketImpl.connect(SSLSocketImpl.java:304) ~[?:?]
	at java.base/sun.net.NetworkClient.doConnect(NetworkClient.java:178) ~[?:?]
	at java.base/sun.net.www.http.HttpClient.openServer(HttpClient.java:539) ~[?:?]
	at java.base/sun.net.www.http.HttpClient.openServer(HttpClient.java:644) ~[?:?]
	at java.base/sun.net.www.protocol.https.HttpsClient.<init>(HttpsClient.java:265) ~[?:?]
	at java.base/sun.net.www.protocol.https.HttpsClient.New(HttpsClient.java:378) ~[?:?]
	at java.base/sun.net.www.protocol.https.AbstractDelegateHttpsURLConnection.getNewHttpClient(AbstractDelegateHttpsURLConnection.java:196) ~[?:?]
	at java.base/sun.net.www.protocol.http.HttpURLConnection.plainConnect0(HttpURLConnection.java:1305) ~[?:?]
	at java.base/sun.net.www.protocol.http.HttpURLConnection.plainConnect(HttpURLConnection.java:1146) ~[?:?]
	at java.base/sun.net.www.protocol.http.HttpURLConnection.connect(HttpURLConnection.java:1075) ~[?:?]
	at java.base/sun.net.www.protocol.https.AbstractDelegateHttpsURLConnection.connect(AbstractDelegateHttpsURLConnection.java:181) ~[?:?]
	at java.base/sun.net.www.protocol.http.HttpURLConnection.getInputStream0(HttpURLConnection.java:1707) ~[?:?]
	at java.base/sun.net.www.protocol.http.HttpURLConnection.getInputStream(HttpURLConnection.java:1632) ~[?:?]
	at java.base/java.net.HttpURLConnection.getResponseCode(HttpURLConnection.java:531) ~[?:?]
	at java.base/sun.net.www.protocol.https.HttpsURLConnectionImpl.getResponseCode(HttpsURLConnectionImpl.java:307) ~[?:?]
	at com.mojang.authlib.minecraft.client.MinecraftClient.readInputStream(MinecraftClient.java:82) ~[authlib-7.0.61.jar:?]
	... 9 more
[19:23:15 INFO]: No existing world data, creating new world
[19:23:16 INFO]: Loaded 1470 recipes
[19:23:16 INFO]: Loaded 1584 advancements
[19:23:16 INFO]: [ca.spottedleaf.dataconverter.minecraft.datatypes.MCTypeRegistry] Initialising converters for DataConverter...
[19:23:16 INFO]: [ca.spottedleaf.dataconverter.minecraft.datatypes.MCTypeRegistry] Finished initialising converters for DataConverter in 286.8ms
[19:23:16 INFO]: Starting minecraft server version 1.21.11
[19:23:16 WARN]: ****************************
[19:23:16 WARN]: YOU ARE RUNNING THIS SERVER AS AN ADMINISTRATIVE OR ROOT USER. THIS IS NOT ADVISED.
[19:23:16 WARN]: YOU ARE OPENING YOURSELF UP TO POTENTIAL RISKS WHEN DOING THIS.
[19:23:16 WARN]: FOR MORE INFORMATION, SEE https://madelinemiller.dev/blog/root-minecraft-server/
[19:23:16 WARN]: ****************************
[19:23:16 INFO]: Loading properties
[19:23:16 INFO]: This server is running Paper version 1.21.11-132-ver/1.21.11@c5eb079 (2026-05-11T11:43:09Z) (Implementing API version 1.21.11-R0.1-SNAPSHOT)
[19:23:16 INFO]: [spark] This server bundles the spark profiler. For more information please visit https://docs.papermc.io/paper/profiling
[19:23:16 INFO]: Server Ping Player Sample Count: 12
[19:23:16 INFO]: Using 4 threads for Netty based IO
[19:23:17 WARN]: [Configurations] The global config file didn't have a version set, assuming latest
[19:23:17 INFO]: [MoonriseCommon] Paper is using 2 worker threads, 1 I/O threads
[19:23:17 INFO]: Default game type: SURVIVAL
[19:23:17 INFO]: Generating keypair
[19:23:17 INFO]: Starting Minecraft server on 127.0.0.1:25587
[19:23:17 INFO]: Paper: Using libdeflate (Linux x86_64) compression from Velocity.
[19:23:17 INFO]: Paper: Using OpenSSL 3.x.x (Linux x86_64) cipher from Velocity.
[19:23:17 WARN]: [io.netty.util.internal.MacAddressUtil] Failed to find a usable hardware address from the network interfaces; using random bytes: 3f:79:44:bd:13:ca:b3:fe
[19:23:17 INFO]: [CodeEngine] Loading server plugin CodeEngine v0.1.0
[19:23:17 INFO]: [PlaceholderAPI] Loading server plugin PlaceholderAPI v2.11.6
[19:23:17 INFO]: [CodeEngineExternalVerification] Loading server plugin CodeEngineExternalVerification v0.1.0
[19:23:17 WARN]: **** SERVER IS RUNNING IN OFFLINE/INSECURE MODE!
[19:23:17 WARN]: The server will make no attempt to authenticate usernames. Beware.
[19:23:17 WARN]: While this makes the game possible to play without internet access, it also opens up the ability for hackers to connect with any username they choose.
[19:23:17 WARN]: To change this, set "online-mode" to "true" in the server.properties file.
[19:23:17 INFO]: Preparing level "world"
[19:23:17 INFO]: [ca.spottedleaf.moonrise.common.util.MoonriseConstants] NUMA enable flag is not set; however there is NUMA interaction support for this OS.
[19:23:17 INFO]: [ca.spottedleaf.moonrise.common.util.MoonriseConstants] Detected 1 NUMA nodes.
[19:23:18 INFO]: Selecting spawn point for world 'minecraft:overworld'...
[19:23:18 INFO]: Selecting spawn point for world 'minecraft:the_nether'...
[19:23:18 INFO]: Selecting spawn point for world 'minecraft:the_end'...
[19:23:19 INFO]: Loading 0 persistent chunks for world 'minecraft:overworld'...
[19:23:19 INFO]: Preparing spawn area: 100%
[19:23:19 INFO]: Prepared spawn area in 988 ms
[19:23:19 INFO]: Loading 0 persistent chunks for world 'minecraft:the_nether'...
[19:23:19 INFO]: Preparing spawn area: 100%
[19:23:19 INFO]: Prepared spawn area in 682 ms
[19:23:19 INFO]: Loading 0 persistent chunks for world 'minecraft:the_end'...
[19:23:19 INFO]: Preparing spawn area: 100%
[19:23:19 INFO]: Prepared spawn area in 156 ms
[19:23:19 INFO]: Done preparing level "world" (1.198s)
[19:23:19 INFO]: [CodeEngine] Enabling CodeEngine v0.1.0
[19:23:19 INFO]: [CodeEngine] Code Engine ready. WebIDE is stopped; use /ce web from the server console.
[19:23:19 INFO]: [PlaceholderAPI] Enabling PlaceholderAPI v2.11.6
[19:23:19 INFO]: [CodeEngineExternalVerification] Enabling CodeEngineExternalVerification v0.1.0
[19:23:19 INFO]: [PlaceholderAPI] Successfully registered internal expansion: cenative [1.0]
[19:23:19 INFO]: [spark] The spark profiler will not be enabled because it is currently disabled in the configuration.
[19:23:19 INFO]: [PlaceholderAPI] Placeholder expansion registration initializing...
[19:23:19 INFO]: 0 placeholder hook(s) registered!
[19:23:19 INFO]: Running delayed init tasks
[19:23:19 INFO]: Done (12.999s)! For help, type "help"
[19:23:19 ERROR]: [PaperVersionFetcher] Error while parsing version list
java.net.UnknownHostException: fill.papermc.io
	at java.base/sun.nio.ch.NioSocketImpl.connect(NioSocketImpl.java:567) ~[?:?]
	at java.base/java.net.SocksSocketImpl.connect(SocksSocketImpl.java:327) ~[?:?]
	at java.base/java.net.Socket.connect(Socket.java:751) ~[?:?]
	at java.base/sun.security.ssl.SSLSocketImpl.connect(SSLSocketImpl.java:304) ~[?:?]
	at java.base/sun.net.NetworkClient.doConnect(NetworkClient.java:178) ~[?:?]
	at java.base/sun.net.www.http.HttpClient.openServer(HttpClient.java:539) ~[?:?]
	at java.base/sun.net.www.http.HttpClient.openServer(HttpClient.java:644) ~[?:?]
	at java.base/sun.net.www.protocol.https.HttpsClient.<init>(HttpsClient.java:265) ~[?:?]
	at java.base/sun.net.www.protocol.https.HttpsClient.New(HttpsClient.java:378) ~[?:?]
	at java.base/sun.net.www.protocol.https.AbstractDelegateHttpsURLConnection.getNewHttpClient(AbstractDelegateHttpsURLConnection.java:196) ~[?:?]
	at java.base/sun.net.www.protocol.http.HttpURLConnection.plainConnect0(HttpURLConnection.java:1260) ~[?:?]
	at java.base/sun.net.www.protocol.http.HttpURLConnection.plainConnect(HttpURLConnection.java:1146) ~[?:?]
	at java.base/sun.net.www.protocol.http.HttpURLConnection.connect(HttpURLConnection.java:1075) ~[?:?]
	at java.base/sun.net.www.protocol.https.AbstractDelegateHttpsURLConnection.connect(AbstractDelegateHttpsURLConnection.java:181) ~[?:?]
	at java.base/sun.net.www.protocol.http.HttpURLConnection.getInputStream0(HttpURLConnection.java:1707) ~[?:?]
	at java.base/sun.net.www.protocol.http.HttpURLConnection.getInputStream(HttpURLConnection.java:1632) ~[?:?]
	at java.base/sun.net.www.protocol.https.HttpsURLConnectionImpl.getInputStream(HttpsURLConnectionImpl.java:223) ~[?:?]
	at com.destroystokyo.paper.PaperVersionFetcher.fetchMinecraftVersionList(PaperVersionFetcher.java:149) ~[paper-1.21.11.jar:?]
	at com.destroystokyo.paper.PaperVersionFetcher.getUpdateStatusStartupMessage(PaperVersionFetcher.java:74) ~[paper-1.21.11.jar:?]
	at java.base/java.util.concurrent.CompletableFuture$AsyncRun.run(CompletableFuture.java:1804) ~[?:?]
	at java.base/java.util.concurrent.ThreadPoolExecutor.runWorker(ThreadPoolExecutor.java:1144) ~[?:?]
	at java.base/java.util.concurrent.ThreadPoolExecutor$Worker.run(ThreadPoolExecutor.java:642) ~[?:?]
	at java.base/java.lang.Thread.run(Thread.java:1583) ~[?:?]
[19:23:19 ERROR]: [PaperVersionFetcher] Error while parsing version
java.net.UnknownHostException: fill.papermc.io
	at java.base/sun.nio.ch.NioSocketImpl.connect(NioSocketImpl.java:567) ~[?:?]
	at java.base/java.net.SocksSocketImpl.connect(SocksSocketImpl.java:327) ~[?:?]
	at java.base/java.net.Socket.connect(Socket.java:751) ~[?:?]
	at java.base/sun.security.ssl.SSLSocketImpl.connect(SSLSocketImpl.java:304) ~[?:?]
	at java.base/sun.net.NetworkClient.doConnect(NetworkClient.java:178) ~[?:?]
	at java.base/sun.net.www.http.HttpClient.openServer(HttpClient.java:539) ~[?:?]
	at java.base/sun.net.www.http.HttpClient.openServer(HttpClient.java:644) ~[?:?]
	at java.base/sun.net.www.protocol.https.HttpsClient.<init>(HttpsClient.java:265) ~[?:?]
	at java.base/sun.net.www.protocol.https.HttpsClient.New(HttpsClient.java:378) ~[?:?]
	at java.base/sun.net.www.protocol.https.AbstractDelegateHttpsURLConnection.getNewHttpClient(AbstractDelegateHttpsURLConnection.java:196) ~[?:?]
	at java.base/sun.net.www.protocol.http.HttpURLConnection.plainConnect0(HttpURLConnection.java:1260) ~[?:?]
	at java.base/sun.net.www.protocol.http.HttpURLConnection.plainConnect(HttpURLConnection.java:1146) ~[?:?]
	at java.base/sun.net.www.protocol.http.HttpURLConnection.connect(HttpURLConnection.java:1075) ~[?:?]
	at java.base/sun.net.www.protocol.https.AbstractDelegateHttpsURLConnection.connect(AbstractDelegateHttpsURLConnection.java:181) ~[?:?]
	at java.base/sun.net.www.protocol.http.HttpURLConnection.getInputStream0(HttpURLConnection.java:1707) ~[?:?]
	at java.base/sun.net.www.protocol.http.HttpURLConnection.getInputStream(HttpURLConnection.java:1632) ~[?:?]
	at java.base/sun.net.www.protocol.https.HttpsURLConnectionImpl.getInputStream(HttpsURLConnectionImpl.java:223) ~[?:?]
	at com.destroystokyo.paper.PaperVersionFetcher.fetchDistanceFromSiteApi(PaperVersionFetcher.java:203) ~[paper-1.21.11.jar:?]
	at com.destroystokyo.paper.PaperVersionFetcher.getUpdateStatusStartupMessage(PaperVersionFetcher.java:76) ~[paper-1.21.11.jar:?]
	at java.base/java.util.concurrent.CompletableFuture$AsyncRun.run(CompletableFuture.java:1804) ~[?:?]
	at java.base/java.util.concurrent.ThreadPoolExecutor.runWorker(ThreadPoolExecutor.java:1144) ~[?:?]
	at java.base/java.util.concurrent.ThreadPoolExecutor$Worker.run(ThreadPoolExecutor.java:642) ~[?:?]
	at java.base/java.lang.Thread.run(Thread.java:1583) ~[?:?]
[19:23:19 ERROR]: *** Error obtaining version information! Cannot fetch version info ***
[19:23:20 INFO]: [CodeEngine] Disabling CodeEngine v0.1.0
[19:23:20 WARN]: [CodeEngine] Engine shutdown completed; user disable/cleanup skipped: lifecycle
[19:23:20 WARN]: [CodeEngine] Module operation failed: lifecycle
java.lang.IllegalStateException: Engine shutdown completed; user disable/cleanup skipped: lifecycle
	at CodeEngine.jar//kr.codenamemc.codeengine.runtime.ModuleDisposer.skipUserCleanup(ModuleDisposer.java:103) ~[?:?]
	at CodeEngine.jar//kr.codenamemc.codeengine.runtime.ModuleDisposer.finish(ModuleDisposer.java:77) ~[?:?]
	at CodeEngine.jar//kr.codenamemc.codeengine.runtime.ModuleDisposer.dispose(ModuleDisposer.java:27) ~[?:?]
	at CodeEngine.jar//kr.codenamemc.codeengine.runtime.ModuleManager.unload(ModuleManager.java:82) ~[?:?]
	at CodeEngine.jar//kr.codenamemc.codeengine.runtime.ModuleManager.begin(ModuleManager.java:60) ~[?:?]
	at CodeEngine.jar//kr.codenamemc.codeengine.runtime.ModuleManager.lambda$submit$2(ModuleManager.java:51) ~[?:?]
	at org.bukkit.craftbukkit.scheduler.CraftTask.run(CraftTask.java:78) ~[paper-1.21.11.jar:1.21.11-132-c5eb079]
	at org.bukkit.craftbukkit.scheduler.CraftScheduler.mainThreadHeartbeat(CraftScheduler.java:474) ~[paper-1.21.11.jar:1.21.11-132-c5eb079]
	at net.minecraft.server.MinecraftServer.tickChildren(MinecraftServer.java:1756) ~[paper-1.21.11.jar:1.21.11-132-c5eb079]
	at net.minecraft.server.MinecraftServer.tickServer(MinecraftServer.java:1611) ~[paper-1.21.11.jar:1.21.11-132-c5eb079]
	at net.minecraft.server.dedicated.DedicatedServer.tickServer(DedicatedServer.java:427) ~[paper-1.21.11.jar:1.21.11-132-c5eb079]
	at net.minecraft.server.MinecraftServer.processPacketsAndTick(MinecraftServer.java:1667) ~[paper-1.21.11.jar:1.21.11-132-c5eb079]
	at net.minecraft.server.MinecraftServer.runServer(MinecraftServer.java:1335) ~[paper-1.21.11.jar:1.21.11-132-c5eb079]
	at net.minecraft.server.MinecraftServer.lambda$spin$2(MinecraftServer.java:388) ~[paper-1.21.11.jar:1.21.11-132-c5eb079]
	at java.base/java.lang.Thread.run(Thread.java:1583) ~[?:?]
[19:23:20 INFO]: [CodeEngineExternalVerification] EXTERNAL VERIFICATION PASS checks=5
[19:23:20 INFO]: Stopping the server
[19:23:20 INFO]: Stopping server
[19:23:20 INFO]: [CodeEngineExternalVerification] Disabling CodeEngineExternalVerification v0.1.0
[19:23:20 INFO]: [PlaceholderAPI] Disabling PlaceholderAPI v2.11.6
[19:23:20 INFO]: Saving players
[19:23:20 INFO]: Saving worlds
[19:23:20 INFO]: Saving chunks for level 'ServerLevel[world]'/minecraft:overworld
[19:23:20 INFO]: [ChunkHolderManager] Waiting 60s for chunk system to halt for world 'world'
[19:23:20 INFO]: [ChunkHolderManager] Halted chunk system for world 'world'
[19:23:20 INFO]: [ChunkHolderManager] Saving all chunkholders for world 'world'
[19:23:20 INFO]: [ChunkHolderManager] Saved 0 block chunks, 0 entity chunks, 0 poi chunks in world 'world' in 0.00s
[19:23:20 INFO]: [ChunkHolderManager] Waiting 60s for chunk I/O to halt for world 'world'
[19:23:20 INFO]: [ChunkHolderManager] Halted I/O scheduler for world 'world'
[19:23:20 INFO]: Saving chunks for level 'ServerLevel[world_nether]'/minecraft:the_nether
[19:23:20 INFO]: [ChunkHolderManager] Waiting 60s for chunk system to halt for world 'world_nether'
[19:23:20 INFO]: [ChunkHolderManager] Halted chunk system for world 'world_nether'
[19:23:20 INFO]: [ChunkHolderManager] Saving all chunkholders for world 'world_nether'
[19:23:20 INFO]: [ChunkHolderManager] Saved 0 block chunks, 0 entity chunks, 0 poi chunks in world 'world_nether' in 0.00s
[19:23:20 INFO]: [ChunkHolderManager] Waiting 60s for chunk I/O to halt for world 'world_nether'
[19:23:20 INFO]: [ChunkHolderManager] Halted I/O scheduler for world 'world_nether'
[19:23:20 INFO]: Saving chunks for level 'ServerLevel[world_the_end]'/minecraft:the_end
[19:23:20 INFO]: [ChunkHolderManager] Waiting 60s for chunk system to halt for world 'world_the_end'
[19:23:20 INFO]: [ChunkHolderManager] Halted chunk system for world 'world_the_end'
[19:23:20 INFO]: [ChunkHolderManager] Saving all chunkholders for world 'world_the_end'
[19:23:20 INFO]: [ChunkHolderManager] Saved 0 block chunks, 0 entity chunks, 0 poi chunks in world 'world_the_end' in 0.00s
[19:23:20 INFO]: [ChunkHolderManager] Waiting 60s for chunk I/O to halt for world 'world_the_end'
[19:23:20 INFO]: [ChunkHolderManager] Halted I/O scheduler for world 'world_the_end'
[19:23:20 INFO]: ThreadedAnvilChunkStorage (world): All chunks are saved
[19:23:20 INFO]: ThreadedAnvilChunkStorage (DIM-1): All chunks are saved
[19:23:20 INFO]: ThreadedAnvilChunkStorage (DIM1): All chunks are saved
[19:23:20 INFO]: ThreadedAnvilChunkStorage: All dimensions are saved
[19:23:20 INFO]: Waiting for all RegionFile I/O tasks to complete...
[19:23:20 INFO]: All RegionFile I/O tasks to complete
[19:23:20 INFO]: [MoonriseCommon] Awaiting termination of worker pool for up to 60s...
[19:23:20 INFO]: [MoonriseCommon] Awaiting termination of I/O pool for up to 60s...
